Archive member included to satisfy reference by file (symbol)

c:/gcc-arm-none-eabi-10.3-2021.10/bin/../lib/gcc/arm-none-eabi/10.3.1/../../../../arm-none-eabi/lib/thumb/v7e-m/nofp\libstdc++.a(del_ops.o)
                              Libraries/FEHIO.o (operator delete(void*, unsigned int))
c:/gcc-arm-none-eabi-10.3-2021.10/bin/../lib/gcc/arm-none-eabi/10.3.1/../../../../arm-none-eabi/lib/thumb/v7e-m/nofp\libstdc++.a(new_op.o)
                              Libraries/FEHIO.o (operator new(unsigned int))
c:/gcc-arm-none-eabi-10.3-2021.10/bin/../lib/gcc/arm-none-eabi/10.3.1/../../../../arm-none-eabi/lib/thumb/v7e-m/nofp\libstdc++.a(bad_alloc.o)
                              c:/gcc-arm-none-eabi-10.3-2021.10/bin/../lib/gcc/arm-none-eabi/10.3.1/../../../../arm-none-eabi/lib/thumb/v7e-m/nofp\libstdc++.a(new_op.o) (std::bad_alloc::~bad_alloc())
c:/gcc-arm-none-eabi-10.3-2021.10/bin/../lib/gcc/arm-none-eabi/10.3.1/../../../../arm-none-eabi/lib/thumb/v7e-m/nofp\libstdc++.a(del_op.o)
                              c:/gcc-arm-none-eabi-10.3-2021.10/bin/../lib/gcc/arm-none-eabi/10.3.1/../../../../arm-none-eabi/lib/thumb/v7e-m/nofp\libstdc++.a(del_ops.o) (operator delete(void*))
c:/gcc-arm-none-eabi-10.3-2021.10/bin/../lib/gcc/arm-none-eabi/10.3.1/../../../../arm-none-eabi/lib/thumb/v7e-m/nofp\libstdc++.a(eh_alloc.o)
                              c:/gcc-arm-none-eabi-10.3-2021.10/bin/../lib/gcc/arm-none-eabi/10.3.1/../../../../arm-none-eabi/lib/thumb/v7e-m/nofp\libstdc++.a(new_op.o) (__cxa_allocate_exception)
c:/gcc-arm-none-eabi-10.3-2021.10/bin/../lib/gcc/arm-none-eabi/10.3.1/../../../../arm-none-eabi/lib/thumb/v7e-m/nofp\libstdc++.a(eh_exception.o)
                              c:/gcc-arm-none-eabi-10.3-2021.10/bin/../lib/gcc/arm-none-eabi/10.3.1/../../../../arm-none-eabi/lib/thumb/v7e-m/nofp\libstdc++.a(bad_alloc.o) (std::exception::~exception())
c:/gcc-arm-none-eabi-10.3-2021.10/bin/../lib/gcc/arm-none-eabi/10.3.1/../../../../arm-none-eabi/lib/thumb/v7e-m/nofp\libstdc++.a(eh_terminate.o)
                              c:/gcc-arm-none-eabi-10.3-2021.10/bin/../lib/gcc/arm-none-eabi/10.3.1/../../../../arm-none-eabi/lib/thumb/v7e-m/nofp\libstdc++.a(eh_alloc.o) (std::terminate())
c:/gcc-arm-none-eabi-10.3-2021.10/bin/../lib/gcc/arm-none-eabi/10.3.1/../../../../arm-none-eabi/lib/thumb/v7e-m/nofp\libstdc++.a(eh_throw.o)
                              c:/gcc-arm-none-eabi-10.3-2021.10/bin/../lib/gcc/arm-none-eabi/10.3.1/../../../../arm-none-eabi/lib/thumb/v7e-m/nofp\libstdc++.a(new_op.o) (__cxa_throw)
c:/gcc-arm-none-eabi-10.3-2021.10/bin/../lib/gcc/arm-none-eabi/10.3.1/../../../../arm-none-eabi/lib/thumb/v7e-m/nofp\libstdc++.a(eh_unex_handler.o)
                              c:/gcc-arm-none-eabi-10.3-2021.10/bin/../lib/gcc/arm-none-eabi/10.3.1/../../../../arm-none-eabi/lib/thumb/v7e-m/nofp\libstdc++.a(eh_terminate.o) (__cxxabiv1::__unexpected_handler)
c:/gcc-arm-none-eabi-10.3-2021.10/bin/../lib/gcc/arm-none-eabi/10.3.1/../../../../arm-none-eabi/lib/thumb/v7e-m/nofp\libstdc++.a(new_handler.o)
                              c:/gcc-arm-none-eabi-10.3-2021.10/bin/../lib/gcc/arm-none-eabi/10.3.1/../../../../arm-none-eabi/lib/thumb/v7e-m/nofp\libstdc++.a(new_op.o) (std::get_new_handler())
c:/gcc-arm-none-eabi-10.3-2021.10/bin/../lib/gcc/arm-none-eabi/10.3.1/../../../../arm-none-eabi/lib/thumb/v7e-m/nofp\libstdc++.a(pure.o)
                              c:/gcc-arm-none-eabi-10.3-2021.10/bin/../lib/gcc/arm-none-eabi/10.3.1/../../../../arm-none-eabi/lib/thumb/v7e-m/nofp\libstdc++.a(eh_exception.o) (__cxa_pure_virtual)
c:/gcc-arm-none-eabi-10.3-2021.10/bin/../lib/gcc/arm-none-eabi/10.3.1/../../../../arm-none-eabi/lib/thumb/v7e-m/nofp\libstdc++.a(si_class_type_info.o)
                              c:/gcc-arm-none-eabi-10.3-2021.10/bin/../lib/gcc/arm-none-eabi/10.3.1/../../../../arm-none-eabi/lib/thumb/v7e-m/nofp\libstdc++.a(bad_alloc.o) (vtable for __cxxabiv1::__si_class_type_info)
c:/gcc-arm-none-eabi-10.3-2021.10/bin/../lib/gcc/arm-none-eabi/10.3.1/../../../../arm-none-eabi/lib/thumb/v7e-m/nofp\libstdc++.a(tinfo.o)
                              c:/gcc-arm-none-eabi-10.3-2021.10/bin/../lib/gcc/arm-none-eabi/10.3.1/../../../../arm-none-eabi/lib/thumb/v7e-m/nofp\libstdc++.a(si_class_type_info.o) (std::type_info::__is_pointer_p() const)
c:/gcc-arm-none-eabi-10.3-2021.10/bin/../lib/gcc/arm-none-eabi/10.3.1/../../../../arm-none-eabi/lib/thumb/v7e-m/nofp\libstdc++.a(vterminate.o)
                              c:/gcc-arm-none-eabi-10.3-2021.10/bin/../lib/gcc/arm-none-eabi/10.3.1/../../../../arm-none-eabi/lib/thumb/v7e-m/nofp\libstdc++.a(eh_terminate.o) (__gnu_cxx::__verbose_terminate_handler())
c:/gcc-arm-none-eabi-10.3-2021.10/bin/../lib/gcc/arm-none-eabi/10.3.1/../../../../arm-none-eabi/lib/thumb/v7e-m/nofp\libstdc++.a(class_type_info.o)
[...]
Memory Configuration

Name             Origin             Length             Attributes
PROGRAM_FLASH    0x0000c000         0x00073c00         xr
SRAM_UPPER       0x20000000         0x00010000         xrw
SRAM_LOWER       0x1fff0000         0x00010000         xrw
*default*        0x00000000         0xffffffff

Linker script and memory map

LOAD c:/gcc-arm-none-eabi-10.3-2021.10/bin/../lib/gcc/arm-none-eabi/10.3.1/thumb/v7e-m/nofp/crti.o
LOAD c:/gcc-arm-none-eabi-10.3-2021.10/bin/../lib/gcc/arm-none-eabi/10.3.1/thumb/v7e-m/nofp/crtbegin.o
LOAD c:/gcc-arm-none-eabi-10.3-2021.10/bin/../lib/gcc/arm-none-eabi/10.3.1/../../../../arm-none-eabi/lib/thumb/v7e-m/nofp/crt0.o
LOAD ../main.o
LOAD Startup/startup_mk60d10.o
LOAD Libraries/FEHMotor.o
LOAD Drivers/mcg.o
LOAD Drivers/i2c.o
LOAD Drivers/spi.o
LOAD Drivers/uart.o
LOAD Drivers/ff.o
LOAD Drivers/SDHC.o
LOAD Drivers/lptmr.o
LOAD FEHProteus.o
LOAD Drivers/FEHPropeller.o
LOAD Libraries/FEHUtility.o
LOAD Libraries/FEHIO.o
LOAD Drivers/adc16.o
LOAD Libraries/FEHBuzzer.o
LOAD Libraries/FEHServo.o
LOAD Libraries/FEHLCD.o
LOAD Libraries/FEHAccel.o
LOAD Libraries/FEHBattery.o
LOAD Drivers/FEHXBee.o
LOAD Libraries/FEHRPS.o
LOAD Libraries/FEHSD.o
LOAD Libraries/FEHRandom.o
LOAD c:/gcc-arm-none-eabi-10.3-2021.10/bin/../lib/gcc/arm-none-eabi/10.3.1/../../../../arm-none-eabi/lib/thumb/v7e-m/nofp\libstdc++.a
LOAD c:/gcc-arm-none-eabi-10.3-2021.10/bin/../lib/gcc/arm-none-eabi/10.3.1/../../../../arm-none-eabi/lib/thumb/v7e-m/nofp\libm.a
START GROUP
LOAD c:/gcc-arm-none-eabi-10.3-2021.10/bin/../lib/gcc/arm-none-eabi/10.3.1/thumb/v7e-m/nofp\libgcc.a
LOAD c:/gcc-arm-none-eabi-10.3-2021.10/bin/../lib/gcc/arm-none-eabi/10.3.1/../../../../arm-none-eabi/lib/thumb/v7e-m/nofp\libg.a
LOAD c:/gcc-arm-none-eabi-10.3-2021.10/bin/../lib/gcc/arm-none-eabi/10.3.1/../../../../arm-none-eabi/lib/thumb/v7e-m/nofp\libc.a
END GROUP
START GROUP
LOAD c:/gcc-arm-none-eabi-10.3-2021.10/bin/../lib/gcc/arm-none-eabi/10.3.1/thumb/v7e-m/nofp\libgcc.a
LOAD c:/gcc-arm-none-eabi-10.3-2021.10/bin/../lib/gcc/arm-none-eabi/10.3.1/../../../../arm-none-eabi/lib/thumb/v7e-m/nofp\libc.a
LOAD c:/gcc-arm-none-eabi-10.3-2021.10/bin/../lib/gcc/arm-none-eabi/10.3.1/../../../../arm-none-eabi/lib/thumb/v7e-m/nofp\libnosys.a
END GROUP
LOAD c:/gcc-arm-none-eabi-10.3-2021.10/bin/../lib/gcc/arm-none-eabi/10.3.1/thumb/v7e-m/nofp/crtend.o
LOAD c:/gcc-arm-none-eabi-10.3-2021.10/bin/../lib/gcc/arm-none-eabi/10.3.1/thumb/v7e-m/nofp/crtn.o
                0x0000c000                __base_PROGRAM_FLASH = 0xc000
                0x0000c000                __base_Flash = 0xc000
                0x0007fc00                __top_PROGRAM_FLASH = 0x7fc00
                0x0007fc00                __top_Flash = 0x7fc00
                0x20000000                __base_SRAM_UPPER = 0x20000000
                0x20000000                __base_RAM = 0x20000000
                0x20010000                __top_SRAM_UPPER = 0x20010000
                0x20010000                __top_RAM = 0x20010000
                0x1fff0000                __base_SRAM_LOWER = 0x1fff0000
                0x1fff0000                __base_RAM2 = 0x1fff0000
                0x20000000                __top_SRAM_LOWER = 0x20000000
                0x20000000                __top_RAM2 = 0x20000000

.text           0x0000c000      0x410
 FILL mask 0xff
                0x0000c000                __vectors_start__ = ABSOLUTE (.)
 *(.isr_vector)
 .isr_vector    0x0000c000      0x1bc Startup/startup_mk60d10.o
                0x0000c000                g_pfnVectors
                0x0000c000                __Vectors
                0x0000c1bc                . = ALIGN (0x4)
                0x0000c1bc                __section_table_start = .
                0x0000c1bc                __data_section_table = .
                0x0000c1bc        0x4 LONG 0x1b584 LOADADDR (.data)
                0x0000c1c0        0x4 LONG 0x20000000 ADDR (.data)
                0x0000c1c4        0x4 LONG 0x16c8 SIZEOF (.data)
                0x0000c1c8        0x4 LONG 0x1b584 LOADADDR (.data_RAM2)
                0x0000c1cc        0x4 LONG 0x1fff0000 ADDR (.data_RAM2)
                0x0000c1d0        0x4 LONG 0x0 SIZEOF (.data_RAM2)
                0x0000c1d4                __data_section_table_end = .
                0x0000c1d4                __bss_section_table = .
                0x0000c1d4        0x4 LONG 0x200016c8 ADDR (.bss)
                0x0000c1d8        0x4 LONG 0x484 SIZEOF (.bss)
                0x0000c1dc        0x4 LONG 0x1fff0000 ADDR (.bss_RAM2)
                0x0000c1e0        0x4 LONG 0x0 SIZEOF (.bss_RAM2)
                0x0000c1e4                __bss_section_table_end = .
                0x0000c1e4                __section_table_end = .
 *(.after_vectors*)
 .after_vectors.init_data
                0x0000c1e4       0x42 Startup/startup_mk60d10.o
                0x0000c1e4                data_init(unsigned int, unsigned int, unsigned int)
 .after_vectors.init_bss
                0x0000c226       0x36 Startup/startup_mk60d10.o
                0x0000c226                bss_init(unsigned int, unsigned int)
 .after_vectors.reset
                0x0000c25c       0xb4 Startup/startup_mk60d10.o
                0x0000c25c                ResetISR
 .after_vectors
                0x0000c310       0x3c Startup/startup_mk60d10.o
                0x0000c310                NMI_Handler
                0x0000c316                HardFault_Handler
                0x0000c31c                MemManage_Handler
                0x0000c322                BusFault_Handler
                0x0000c328                UsageFault_Handler
                0x0000c32e                SVC_Handler
                0x0000c334                DebugMon_Handler
                0x0000c33a                PendSV_Handler
                0x0000c340                SysTick_Handler
                0x0000c346                DMA_Error_DriverIRQHandler
                0x0000c346                LPTMR0_DriverIRQHandler
                0x0000c346                FTM1_DriverIRQHandler
                0x0000c346                FTM2_DriverIRQHandler
                0x0000c346                PIT2_DriverIRQHandler
                0x0000c346                SDHC_DriverIRQHandler
                0x0000c346                I2S0_Tx_DriverIRQHandler
                0x0000c346                TSI0_DriverIRQHandler
                0x0000c346                RTC_Seconds_DriverIRQHandler
                0x0000c346                Reserved109_DriverIRQHandler
                0x0000c346                DMA6_DriverIRQHandler
                0x0000c346                LLWU_DriverIRQHandler
                0x0000c346                MCM_DriverIRQHandler
                0x0000c346                MCG_DriverIRQHandler
                0x0000c346                ENET_1588_Timer_DriverIRQHandler
                0x0000c346                DAC1_DriverIRQHandler
                0x0000c346                SPI1_DriverIRQHandler
                0x0000c346                CMP1_DriverIRQHandler
                0x0000c346                UART5_RX_TX_DriverIRQHandler
                0x0000c346                FTM0_DriverIRQHandler
                0x0000c346                IntDefaultHandler
                0x0000c346                USB0_DriverIRQHandler
                0x0000c346                UART5_ERR_DriverIRQHandler
                0x0000c346                DMA11_DriverIRQHandler
                0x0000c346                DAC0_DriverIRQHandler
                0x0000c346                DMA10_DriverIRQHandler
                0x0000c346                CMP2_DriverIRQHandler
                0x0000c346                UART2_ERR_DriverIRQHandler
                0x0000c346                SPI2_DriverIRQHandler
                0x0000c346                LVD_LVW_DriverIRQHandler
                0x0000c346                RNG_DriverIRQHandler
                0x0000c346                DMA12_DriverIRQHandler
                0x0000c346                DMA4_DriverIRQHandler
                0x0000c346                UART2_RX_TX_DriverIRQHandler
                0x0000c346                USBDCD_DriverIRQHandler
                0x0000c346                UART3_ERR_DriverIRQHandler
                0x0000c346                DMA3_DriverIRQHandler
                0x0000c346                DMA8_DriverIRQHandler
                0x0000c346                DMA9_DriverIRQHandler
                0x0000c346                UART0_ERR_DriverIRQHandler
                0x0000c346                CMT_DriverIRQHandler
                0x0000c346                ADC1_DriverIRQHandler
                0x0000c346                DMA14_DriverIRQHandler
                0x0000c346                PIT3_DriverIRQHandler
                0x0000c346                PIT1_DriverIRQHandler
                0x0000c346                WDOG_EWM_DriverIRQHandler
                0x0000c346                PDB0_DriverIRQHandler
                0x0000c346                Reserved95_DriverIRQHandler
                0x0000c346                RTC_DriverIRQHandler
                0x0000c346                I2S0_Rx_DriverIRQHandler
                0x0000c346                Read_Collision_DriverIRQHandler
                0x0000c346                SWI_DriverIRQHandler
                0x0000c346                UART4_RX_TX_DriverIRQHandler
                0x0000c346                UART4_ERR_DriverIRQHandler
                0x0000c346                DMA0_DriverIRQHandler
                0x0000c346                UART0_LON_DriverIRQHandler
                0x0000c346                Reserved102_DriverIRQHandler
                0x0000c346                DMA1_DriverIRQHandler
                0x0000c346                I2C1_DriverIRQHandler
                0x0000c346                UART3_RX_TX_DriverIRQHandler
                0x0000c346                ENET_Receive_DriverIRQHandler
                0x0000c346                DMA13_DriverIRQHandler
                0x0000c346                ENET_Error_DriverIRQHandler
                0x0000c346                DMA15_DriverIRQHandler
                0x0000c346                SPI0_DriverIRQHandler
                0x0000c346                ADC0_DriverIRQHandler
                0x0000c346                FTFL_DriverIRQHandler
                0x0000c346                CMP0_DriverIRQHandler
                0x0000c346                CAN0_DriverIRQHandler
                0x0000c346                Reserved59_DriverIRQHandler
                0x0000c346                DMA5_DriverIRQHandler
                0x0000c346                UART1_ERR_DriverIRQHandler
                0x0000c346                DMA2_DriverIRQHandler
                0x0000c346                ENET_Transmit_DriverIRQHandler
                0x0000c346                I2C0_DriverIRQHandler
                0x0000c346                CAN1_DriverIRQHandler
                0x0000c346                DMA7_DriverIRQHandler
                0x0000c346                UART1_RX_TX_DriverIRQHandler
                0x0000c346                Reserved108_DriverIRQHandler
                0x00000400                . = 0x400
 *fill*         0x0000c34c       0xb4 ff
                0x0000c400                PROVIDE (__FLASH_CONFIG_START__ = .)
 *(.FlashConfig)
 .FlashConfig   0x0000c400       0x10 Startup/startup_mk60d10.o
                0x0000c410                PROVIDE (__FLASH_CONFIG_END__ = .)
                0x00000001                ASSERT (! ((__FLASH_CONFIG_START__ == __FLASH_CONFIG_END__)), Linker Flash Config Support Enabled, but no .FlashConfig section provided within application)

.eh_frame       0x0000c410        0x0
 .eh_frame      0x0000c410        0x0 c:/gcc-arm-none-eabi-10.3-2021.10/bin/../lib/gcc/arm-none-eabi/10.3.1/thumb/v7e-m/nofp/crtbegin.o

.glue_7         0x0000c410        0x0
 .glue_7        0x0000c410        0x0 linker stubs

.glue_7t        0x0000c410        0x0
 .glue_7t       0x0000c410        0x0 linker stubs

.vfp11_veneer   0x0000c410        0x0
 .vfp11_veneer  0x0000c410        0x0 linker stubs

.v4_bx          0x0000c410        0x0
 .v4_bx         0x0000c410        0x0 linker stubs

.iplt           0x0000c410        0x0
 .iplt          0x0000c410        0x0 c:/gcc-arm-none-eabi-10.3-2021.10/bin/../lib/gcc/arm-none-eabi/10.3.1/thumb/v7e-m/nofp/crtbegin.o

.text           0x0000c440     0xf13c
 *(.text*)
 .text          0x0000c440       0x40 c:/gcc-arm-none-eabi-10.3-2021.10/bin/../lib/gcc/arm-none-eabi/10.3.1/thumb/v7e-m/nofp/crtbegin.o
 .text._Z9turn_leftii
                0x0000c480       0xb4 ../main.o
                0x0000c480                turn_left(int, int)
 .text._Z10turn_rightii
                0x0000c534       0xb4 ../main.o
                0x0000c534                turn_right(int, int)
 .text._Z12move_forwardiii
                0x0000c5e8      0x1e4 ../main.o
                0x0000c5e8                move_forward(int, int, int)
 .text._Z7luggagei
                0x0000c7cc       0xec ../main.o
                0x0000c7cc                luggage(int)
 .text._Z5leverii
                0x0000c8b8      0x1d4 ../main.o
                0x0000c8b8                lever(int, int)
 .text._Z5kioski
                0x0000ca8c       0xfc ../main.o
                0x0000ca8c                kiosk(int)
 .text._Z8passporti
                0x0000cb88       0xd0 ../main.o
                0x0000cb88                passport(int)
 .text._Z10big_buttoni
                0x0000cc58       0x74 ../main.o
                0x0000cc58                big_button(int)
 *fill*         0x0000cccc        0x4 
 .text.main     0x0000ccd0      0x13c ../main.o
                0x0000ccd0                main
 .text._Z41__static_initialization_and_destruction_0ii
                0x0000ce0c       0x80 ../main.o
 .text._GLOBAL__sub_I_right_encoder
                0x0000ce8c       0x10 ../main.o
 .text.PORTD_IRQHandler
                0x0000ce9c       0x50 Startup/startup_mk60d10.o
                0x0000ce9c                PORTD_IRQHandler
 .text._Z15InitPowerButtonv
                0x0000ceec       0x60 Startup/startup_mk60d10.o
                0x0000ceec                InitPowerButton()
 .text._ZL11pll_init_blv
                0x0000cf4c       0xe0 Startup/startup_mk60d10.o
 .text._Z14InitFEHProteusv
                0x0000d02c       0xec Startup/startup_mk60d10.o
                0x0000d02c                InitFEHProteus()
 .text.DMA0_IRQHandler
                0x0000d118        0xc Startup/startup_mk60d10.o
                0x0000d118                DMA0_IRQHandler
 .text.DMA1_IRQHandler
                0x0000d124        0xc Startup/startup_mk60d10.o
                0x0000d124                DMA1_IRQHandler
 .text.DMA2_IRQHandler
                0x0000d130        0xc Startup/startup_mk60d10.o
                0x0000d130                DMA2_IRQHandler
 .text.DMA3_IRQHandler
                0x0000d13c        0xc Startup/startup_mk60d10.o
                0x0000d13c                DMA3_IRQHandler
 .text.DMA4_IRQHandler
                0x0000d148        0xc Startup/startup_mk60d10.o
                0x0000d148                DMA4_IRQHandler
 .text.DMA5_IRQHandler
                0x0000d154        0xc Startup/startup_mk60d10.o
                0x0000d154                DMA5_IRQHandler
 .text.DMA6_IRQHandler
                0x0000d160        0xc Startup/startup_mk60d10.o
                0x0000d160                DMA6_IRQHandler
 .text.DMA7_IRQHandler
                0x0000d16c        0xc Startup/startup_mk60d10.o
                0x0000d16c                DMA7_IRQHandler
 .text.DMA8_IRQHandler
                0x0000d178        0xc Startup/startup_mk60d10.o
                0x0000d178                DMA8_IRQHandler
 .text.DMA9_IRQHandler
                0x0000d184        0xc Startup/startup_mk60d10.o
                0x0000d184                DMA9_IRQHandler
 .text.DMA10_IRQHandler
                0x0000d190        0xc Startup/startup_mk60d10.o
                0x0000d190                DMA10_IRQHandler
 .text.DMA11_IRQHandler
                0x0000d19c        0xc Startup/startup_mk60d10.o
                0x0000d19c                DMA11_IRQHandler
 .text.DMA12_IRQHandler
                0x0000d1a8        0xc Startup/startup_mk60d10.o
                0x0000d1a8                DMA12_IRQHandler
 .text.DMA13_IRQHandler
                0x0000d1b4        0xc Startup/startup_mk60d10.o
                0x0000d1b4                DMA13_IRQHandler
 .text.DMA14_IRQHandler
                0x0000d1c0        0xc Startup/startup_mk60d10.o
                0x0000d1c0                DMA14_IRQHandler
 .text.DMA15_IRQHandler
                0x0000d1cc        0xc Startup/startup_mk60d10.o
                0x0000d1cc                DMA15_IRQHandler
 .text.DMA_Error_IRQHandler
                0x0000d1d8        0xc Startup/startup_mk60d10.o
                0x0000d1d8                DMA_Error_IRQHandler
 .text.MCM_IRQHandler
                0x0000d1e4        0xc Startup/startup_mk60d10.o
                0x0000d1e4                MCM_IRQHandler
 .text.FTFL_IRQHandler
                0x0000d1f0        0xc Startup/startup_mk60d10.o
                0x0000d1f0                FTFL_IRQHandler
 .text.Read_Collision_IRQHandler
                0x0000d1fc        0xc Startup/startup_mk60d10.o
                0x0000d1fc                Read_Collision_IRQHandler
 .text.LVD_LVW_IRQHandler
                0x0000d208        0xc Startup/startup_mk60d10.o
                0x0000d208                LVD_LVW_IRQHandler
 .text.LLWU_IRQHandler
                0x0000d214        0xc Startup/startup_mk60d10.o
                0x0000d214                LLWU_IRQHandler
 .text.WDOG_EWM_IRQHandler
                0x0000d220        0xc Startup/startup_mk60d10.o
                0x0000d220                WDOG_EWM_IRQHandler
 .text.RNG_IRQHandler
                0x0000d22c        0xc Startup/startup_mk60d10.o
                0x0000d22c                RNG_IRQHandler
 .text.I2C0_IRQHandler
                0x0000d238        0xc Startup/startup_mk60d10.o
                0x0000d238                I2C0_IRQHandler
 .text.I2C1_IRQHandler
                0x0000d244        0xc Startup/startup_mk60d10.o
                0x0000d244                I2C1_IRQHandler
 .text.SPI0_IRQHandler
                0x0000d250        0xc Startup/startup_mk60d10.o
                0x0000d250                SPI0_IRQHandler
 .text.SPI1_IRQHandler
                0x0000d25c        0xc Startup/startup_mk60d10.o
                0x0000d25c                SPI1_IRQHandler
 .text.SPI2_IRQHandler
                0x0000d268        0xc Startup/startup_mk60d10.o
                0x0000d268                SPI2_IRQHandler
 .text.CAN0_ORed_Message_buffer_IRQHandler
                0x0000d274        0xc Startup/startup_mk60d10.o
                0x0000d274                CAN0_ORed_Message_buffer_IRQHandler
 .text.CAN0_Bus_Off_IRQHandler
                0x0000d280        0xc Startup/startup_mk60d10.o
                0x0000d280                CAN0_Bus_Off_IRQHandler
 .text.CAN0_Error_IRQHandler
                0x0000d28c        0xc Startup/startup_mk60d10.o
                0x0000d28c                CAN0_Error_IRQHandler
 .text.CAN0_Tx_Warning_IRQHandler
                0x0000d298        0xc Startup/startup_mk60d10.o
                0x0000d298                CAN0_Tx_Warning_IRQHandler
 .text.CAN0_Rx_Warning_IRQHandler
                0x0000d2a4        0xc Startup/startup_mk60d10.o
                0x0000d2a4                CAN0_Rx_Warning_IRQHandler
 .text.CAN0_Wake_Up_IRQHandler
                0x0000d2b0        0xc Startup/startup_mk60d10.o
                0x0000d2b0                CAN0_Wake_Up_IRQHandler
 .text.I2S0_Tx_IRQHandler
                0x0000d2bc        0xc Startup/startup_mk60d10.o
                0x0000d2bc                I2S0_Tx_IRQHandler
 .text.I2S0_Rx_IRQHandler
                0x0000d2c8        0xc Startup/startup_mk60d10.o
                0x0000d2c8                I2S0_Rx_IRQHandler
 .text.CAN1_ORed_Message_buffer_IRQHandler
                0x0000d2d4        0xc Startup/startup_mk60d10.o
                0x0000d2d4                CAN1_ORed_Message_buffer_IRQHandler
 .text.CAN1_Bus_Off_IRQHandler
                0x0000d2e0        0xc Startup/startup_mk60d10.o
                0x0000d2e0                CAN1_Bus_Off_IRQHandler
 .text.CAN1_Error_IRQHandler
                0x0000d2ec        0xc Startup/startup_mk60d10.o
                0x0000d2ec                CAN1_Error_IRQHandler
 .text.CAN1_Tx_Warning_IRQHandler
                0x0000d2f8        0xc Startup/startup_mk60d10.o
                0x0000d2f8                CAN1_Tx_Warning_IRQHandler
 .text.CAN1_Rx_Warning_IRQHandler
                0x0000d304        0xc Startup/startup_mk60d10.o
                0x0000d304                CAN1_Rx_Warning_IRQHandler
 .text.CAN1_Wake_Up_IRQHandler
                0x0000d310        0xc Startup/startup_mk60d10.o
                0x0000d310                CAN1_Wake_Up_IRQHandler
 .text.Reserved59_IRQHandler
                0x0000d31c        0xc Startup/startup_mk60d10.o
                0x0000d31c                Reserved59_IRQHandler
 .text.UART0_LON_IRQHandler
                0x0000d328        0xc Startup/startup_mk60d10.o
                0x0000d328                UART0_LON_IRQHandler
 .text.UART0_ERR_IRQHandler
                0x0000d334        0xc Startup/startup_mk60d10.o
                0x0000d334                UART0_ERR_IRQHandler
 .text.UART1_RX_TX_IRQHandler
                0x0000d340        0xc Startup/startup_mk60d10.o
                0x0000d340                UART1_RX_TX_IRQHandler
 .text.UART1_ERR_IRQHandler
                0x0000d34c        0xc Startup/startup_mk60d10.o
                0x0000d34c                UART1_ERR_IRQHandler
 .text.UART2_RX_TX_IRQHandler
                0x0000d358        0xc Startup/startup_mk60d10.o
                0x0000d358                UART2_RX_TX_IRQHandler
 .text.UART2_ERR_IRQHandler
                0x0000d364        0xc Startup/startup_mk60d10.o
                0x0000d364                UART2_ERR_IRQHandler
 .text.UART3_RX_TX_IRQHandler
                0x0000d370        0xc Startup/startup_mk60d10.o
                0x0000d370                UART3_RX_TX_IRQHandler
 .text.UART3_ERR_IRQHandler
                0x0000d37c        0xc Startup/startup_mk60d10.o
                0x0000d37c                UART3_ERR_IRQHandler
 .text.UART4_RX_TX_IRQHandler
                0x0000d388        0xc Startup/startup_mk60d10.o
                0x0000d388                UART4_RX_TX_IRQHandler
 .text.UART4_ERR_IRQHandler
                0x0000d394        0xc Startup/startup_mk60d10.o
                0x0000d394                UART4_ERR_IRQHandler
 .text.UART5_RX_TX_IRQHandler
                0x0000d3a0        0xc Startup/startup_mk60d10.o
                0x0000d3a0                UART5_RX_TX_IRQHandler
 .text.UART5_ERR_IRQHandler
                0x0000d3ac        0xc Startup/startup_mk60d10.o
                0x0000d3ac                UART5_ERR_IRQHandler
 .text.ADC0_IRQHandler
                0x0000d3b8        0xc Startup/startup_mk60d10.o
                0x0000d3b8                ADC0_IRQHandler
 .text.ADC1_IRQHandler
                0x0000d3c4        0xc Startup/startup_mk60d10.o
                0x0000d3c4                ADC1_IRQHandler
 .text.CMP0_IRQHandler
                0x0000d3d0        0xc Startup/startup_mk60d10.o
                0x0000d3d0                CMP0_IRQHandler
 .text.CMP1_IRQHandler
                0x0000d3dc        0xc Startup/startup_mk60d10.o
                0x0000d3dc                CMP1_IRQHandler
 .text.CMP2_IRQHandler
                0x0000d3e8        0xc Startup/startup_mk60d10.o
                0x0000d3e8                CMP2_IRQHandler
 .text.FTM0_IRQHandler
                0x0000d3f4        0xc Startup/startup_mk60d10.o
                0x0000d3f4                FTM0_IRQHandler
 .text.FTM1_IRQHandler
                0x0000d400        0xc Startup/startup_mk60d10.o
                0x0000d400                FTM1_IRQHandler
 .text.FTM2_IRQHandler
                0x0000d40c        0xc Startup/startup_mk60d10.o
                0x0000d40c                FTM2_IRQHandler
 .text.CMT_IRQHandler
                0x0000d418        0xc Startup/startup_mk60d10.o
                0x0000d418                CMT_IRQHandler
 .text.RTC_IRQHandler
                0x0000d424        0xc Startup/startup_mk60d10.o
                0x0000d424                RTC_IRQHandler
 .text.RTC_Seconds_IRQHandler
                0x0000d430        0xc Startup/startup_mk60d10.o
                0x0000d430                RTC_Seconds_IRQHandler
 .text.PIT1_IRQHandler
                0x0000d43c        0xc Startup/startup_mk60d10.o
                0x0000d43c                PIT1_IRQHandler
 .text.PIT2_IRQHandler
                0x0000d448        0xc Startup/startup_mk60d10.o
                0x0000d448                PIT2_IRQHandler
 .text.PIT3_IRQHandler
                0x0000d454        0xc Startup/startup_mk60d10.o
                0x0000d454                PIT3_IRQHandler
 .text.PDB0_IRQHandler
                0x0000d460        0xc Startup/startup_mk60d10.o
                0x0000d460                PDB0_IRQHandler
 .text.USB0_IRQHandler
                0x0000d46c        0xc Startup/startup_mk60d10.o
                0x0000d46c                USB0_IRQHandler
 .text.USBDCD_IRQHandler
                0x0000d478        0xc Startup/startup_mk60d10.o
                0x0000d478                USBDCD_IRQHandler
 .text.ENET_1588_Timer_IRQHandler
                0x0000d484        0xc Startup/startup_mk60d10.o
                0x0000d484                ENET_1588_Timer_IRQHandler
 .text.ENET_Transmit_IRQHandler
                0x0000d490        0xc Startup/startup_mk60d10.o
                0x0000d490                ENET_Transmit_IRQHandler
 .text.ENET_Receive_IRQHandler
                0x0000d49c        0xc Startup/startup_mk60d10.o
                0x0000d49c                ENET_Receive_IRQHandler
 .text.ENET_Error_IRQHandler
                0x0000d4a8        0xc Startup/startup_mk60d10.o
                0x0000d4a8                ENET_Error_IRQHandler
 .text.Reserved95_IRQHandler
                0x0000d4b4        0xc Startup/startup_mk60d10.o
                0x0000d4b4                Reserved95_IRQHandler
 .text.SDHC_IRQHandler
                0x0000d4c0        0xc Startup/startup_mk60d10.o
                0x0000d4c0                SDHC_IRQHandler
 .text.DAC0_IRQHandler
                0x0000d4cc        0xc Startup/startup_mk60d10.o
                0x0000d4cc                DAC0_IRQHandler
 .text.DAC1_IRQHandler
                0x0000d4d8        0xc Startup/startup_mk60d10.o
                0x0000d4d8                DAC1_IRQHandler
 .text.TSI0_IRQHandler
                0x0000d4e4        0xc Startup/startup_mk60d10.o
                0x0000d4e4                TSI0_IRQHandler
 .text.MCG_IRQHandler
                0x0000d4f0        0xc Startup/startup_mk60d10.o
                0x0000d4f0                MCG_IRQHandler
 .text.LPTMR0_IRQHandler
                0x0000d4fc        0xc Startup/startup_mk60d10.o
                0x0000d4fc                LPTMR0_IRQHandler
 .text.Reserved102_IRQHandler
                0x0000d508        0xc Startup/startup_mk60d10.o
                0x0000d508                Reserved102_IRQHandler
 .text.Reserved108_IRQHandler
                0x0000d514        0xc Startup/startup_mk60d10.o
                0x0000d514                Reserved108_IRQHandler
 .text.Reserved109_IRQHandler
                0x0000d520        0xc Startup/startup_mk60d10.o
                0x0000d520                Reserved109_IRQHandler
 .text.SWI_IRQHandler
                0x0000d52c        0xc Startup/startup_mk60d10.o
                0x0000d52c                SWI_IRQHandler
 .text._ZN8FEHMotorC2ENS_12FEHMotorPortEf
                0x0000d538       0x7c Libraries/FEHMotor.o
                0x0000d538                FEHMotor::FEHMotor(FEHMotor::FEHMotorPort, float)
                0x0000d538                FEHMotor::FEHMotor(FEHMotor::FEHMotorPort, float)
 .text._ZN8FEHMotor4StopEv
                0x0000d5b4       0x30 Libraries/FEHMotor.o
                0x0000d5b4                FEHMotor::Stop()
 .text._ZN8FEHMotor8SetPowerEi
                0x0000d5e4       0x54 Libraries/FEHMotor.o
                0x0000d5e4                FEHMotor::SetPower(int)
 .text._ZN8FEHMotor10SetPercentEf
                0x0000d638       0xf8 Libraries/FEHMotor.o
                0x0000d638                FEHMotor::SetPercent(float)
 .text._Z21IIC_StartTransmissionhh
                0x0000d730       0x6c Drivers/i2c.o
                0x0000d730                IIC_StartTransmission(unsigned char, unsigned char)
 .text._Z5Pausev
                0x0000d79c       0x24 Drivers/i2c.o
                0x0000d79c                Pause()
 .text._Z21MMA8451QWriteRegisterhh
                0x0000d7c0       0x68 Drivers/i2c.o
                0x0000d7c0                MMA8451QWriteRegister(unsigned char, unsigned char)
 .text._Z8i2c_Waitv
                0x0000d828       0x6c Drivers/i2c.o
                0x0000d828                i2c_Wait()
 .text._Z12SPI_SendCharh
                0x0000d894       0x1a Drivers/spi.o
                0x0000d894                SPI_SendChar(unsigned char)
 .text._Z16SPI_WriteCommandhh
                0x0000d8ae       0x34 Drivers/spi.o
                0x0000d8ae                SPI_WriteCommand(unsigned char, unsigned char)
 .text._Z11SPI_GetCharv
                0x0000d8e2       0x10 Drivers/spi.o
                0x0000d8e2                SPI_GetChar()
 .text._Z15SPI_ReadCommandh
                0x0000d8f2       0x38 Drivers/spi.o
                0x0000d8f2                SPI_ReadCommand(unsigned char)
 *fill*         0x0000d92a        0x2 
 .text._Z13SPI_CS_Assertv
                0x0000d92c       0x1c Drivers/spi.o
                0x0000d92c                SPI_CS_Assert()
 .text._Z15SPI_CS_Deassertv
                0x0000d948       0x1c Drivers/spi.o
                0x0000d948                SPI_CS_Deassert()
 .text._Z12SPI_Transferh
                0x0000d964       0x6c Drivers/spi.o
                0x0000d964                SPI_Transfer(unsigned char)
 .text._Z8SPI_Initv
                0x0000d9d0       0xa0 Drivers/spi.o
                0x0000d9d0                SPI_Init()
 .text._Z9uart_initPV11UART_MemMapii
                0x0000da70      0x174 Drivers/uart.o
                0x0000da70                uart_init(UART_MemMap volatile*, int, int)
 .text._Z12uart_getcharPV11UART_MemMap
                0x0000dbe4       0x32 Drivers/uart.o
                0x0000dbe4                uart_getchar(UART_MemMap volatile*)
 .text._Z12uart_putcharPV11UART_MemMapc
                0x0000dc16       0x32 Drivers/uart.o
                0x0000dc16                uart_putchar(UART_MemMap volatile*, char)
 .text._ZL7mem_setPvij
                0x0000dc48       0x3c Drivers/ff.o
 .text._ZL11move_windowP5FATFSm
                0x0000dc84       0xc8 Drivers/ff.o
 .text._ZL4syncP5FATFS
                0x0000dd4c      0x14c Drivers/ff.o
 .text._ZL8validateP5FATFSt
                0x0000de98       0x54 Drivers/ff.o
 .text._Z6f_syncP3FIL
                0x0000deec      0x186 Drivers/ff.o
                0x0000deec                f_sync(FIL*)
 .text._Z7f_closeP3FIL
                0x0000e072       0x28 Drivers/ff.o
                0x0000e072                f_close(FIL*)
 *fill*         0x0000e09a        0x2 
 .text._ZL17SDHC_set_baudratemm
                0x0000e09c       0xe8 Drivers/SDHC.o
 .text._Z9SDHC_initP17esdhc_info_structPK17esdhc_init_struct
                0x0000e184      0x130 Drivers/SDHC.o
                0x0000e184                SDHC_init(esdhc_info_struct*, esdhc_init_struct const*)
 .text._ZL15SDHC_is_runningv
                0x0000e2b4       0x24 Drivers/SDHC.o
 .text._ZL16SDHC_status_waitm
                0x0000e2d8       0x2c Drivers/SDHC.o
 .text._ZL17SDHC_send_commandP20esdhc_command_struct
                0x0000e304      0x1f8 Drivers/SDHC.o
 .text._Z10SDHC_ioctlmPv
                0x0000e4fc      0x6f0 Drivers/SDHC.o
                0x0000e4fc                SDHC_ioctl(unsigned long, void*)
 .text._ZL14rcvr_datablockPhm
                0x0000ebec       0xf0 Drivers/SDHC.o
 .text._Z9disk_readhPhmh
                0x0000ecdc      0x124 Drivers/SDHC.o
                0x0000ecdc                disk_read(unsigned char, unsigned char*, unsigned long, unsigned char)
 .text._ZL14xmit_datablockPKhm
                0x0000ee00       0xa4 Drivers/SDHC.o
 .text._Z10disk_writehPKhmh
                0x0000eea4      0x198 Drivers/SDHC.o
                0x0000eea4                disk_write(unsigned char, unsigned char const*, unsigned long, unsigned char)
 .text._Z10disk_ioctlhhPv
                0x0000f03c      0x104 Drivers/SDHC.o
                0x0000f03c                disk_ioctl(unsigned char, unsigned char, void*)
 .text._Z11disk_statush
                0x0000f140       0x28 Drivers/SDHC.o
                0x0000f140                disk_status(unsigned char)
 .text._Z13time_delay_msm
                0x0000f168       0x6c Drivers/lptmr.o
                0x0000f168                time_delay_ms(unsigned long)
 .text._Z41__static_initialization_and_destruction_0ii
                0x0000f1d4       0x2c FEHProteus.o
 .text._GLOBAL__sub_I_Propeller
                0x0000f200       0x10 FEHProteus.o
 .text._ZN12FEHPropellerC2Ev
                0x0000f210       0x1a Drivers/FEHPropeller.o
                0x0000f210                FEHPropeller::FEHPropeller()
                0x0000f210                FEHPropeller::FEHPropeller()
 *fill*         0x0000f22a        0x2 
 .text._ZN12FEHPropeller10InitializeEv
                0x0000f22c       0x74 Drivers/FEHPropeller.o
                0x0000f22c                FEHPropeller::Initialize()
 .text._ZN12FEHPropeller12SetMotorRateEhhh
                0x0000f2a0       0x5c Drivers/FEHPropeller.o
                0x0000f2a0                FEHPropeller::SetMotorRate(unsigned char, unsigned char, unsigned char)
 .text._ZL5Delaymjj
                0x0000f2fc       0x94 Libraries/FEHUtility.o
 .text._Z5Sleepi
                0x0000f390       0x2c Libraries/FEHUtility.o
                0x0000f390                Sleep(int)
 .text._Z5Sleepd
                0x0000f3bc       0x4c Libraries/FEHUtility.o
                0x0000f3bc                Sleep(double)
 .text._Z11TimeNowMSecv
                0x0000f408       0x38 Libraries/FEHUtility.o
                0x0000f408                TimeNowMSec()
 .text._ZN14DigitalEncoderC2EN5FEHIO8FEHIOPinE
                0x0000f440       0x26 Libraries/FEHIO.o
                0x0000f440                DigitalEncoder::DigitalEncoder(FEHIO::FEHIOPin)
                0x0000f440                DigitalEncoder::DigitalEncoder(FEHIO::FEHIOPin)
 *fill*         0x0000f466        0x2 
 .text._Z10enable_irqi
                0x0000f468      0x11c Libraries/FEHIO.o
                0x0000f468                enable_irq(int)
 .text._ZN14DigitalEncoder10InitializeEN5FEHIO8FEHIOPinENS0_21FEHIOInterruptTriggerE
                0x0000f584      0x1a8 Libraries/FEHIO.o
                0x0000f584                DigitalEncoder::Initialize(FEHIO::FEHIOPin, FEHIO::FEHIOInterruptTrigger)
 .text._Z16PORTB_IRQHandlerv
                0x0000f72c       0x9c Libraries/FEHIO.o
                0x0000f72c                PORTB_IRQHandler()
 .text._Z16PORTC_IRQHandlerv
                0x0000f7c8       0x9c Libraries/FEHIO.o
                0x0000f7c8                PORTC_IRQHandler()
 .text._Z16PORTA_IRQHandlerv
                0x0000f864       0xa0 Libraries/FEHIO.o
                0x0000f864                PORTA_IRQHandler()
 .text._Z16PORTE_IRQHandlerv
                0x0000f904       0x98 Libraries/FEHIO.o
                0x0000f904                PORTE_IRQHandler()
 .text._ZN14DigitalEncoder6CountsEv
                0x0000f99c       0x24 Libraries/FEHIO.o
                0x0000f99c                DigitalEncoder::Counts()
 .text._ZN14DigitalEncoder11ResetCountsEv
                0x0000f9c0       0x24 Libraries/FEHIO.o
                0x0000f9c0                DigitalEncoder::ResetCounts()
 .text._ZN14AnalogInputPinC2EN5FEHIO8FEHIOPinE
                0x0000f9e4       0x1e Libraries/FEHIO.o
                0x0000f9e4                AnalogInputPin::AnalogInputPin(FEHIO::FEHIOPin)
                0x0000f9e4                AnalogInputPin::AnalogInputPin(FEHIO::FEHIOPin)
 *fill*         0x0000fa02        0x6 
 .text._ZN14AnalogInputPin5ValueEv
                0x0000fa08      0x120 Libraries/FEHIO.o
                0x0000fa08                AnalogInputPin::Value()
 .text._ZN13AnalogEncoder12EncoderValueEv
                0x0000fb28       0xb0 Libraries/FEHIO.o
                0x0000fb28                AnalogEncoder::EncoderValue()
 .text._ZN14AnalogInputPin8InitADCsEv
                0x0000fbd8       0x98 Libraries/FEHIO.o
                0x0000fbd8                AnalogInputPin::InitADCs()
 .text._Z15PIT0_IRQHandlerv
                0x0000fc70       0x28 Libraries/FEHIO.o
                0x0000fc70                PIT0_IRQHandler()
 .text._ZN13AnalogEncoder4InitEv
                0x0000fc98       0x44 Libraries/FEHIO.o
                0x0000fc98                AnalogEncoder::Init()
 .text._ZN13AnalogEncoder14SetCounterInitEj
                0x0000fcdc       0x20 Libraries/FEHIO.o
                0x0000fcdc                AnalogEncoder::SetCounterInit(unsigned int)
 .text._ZN13AnalogEncoder10ProcessIntEv
                0x0000fcfc       0x68 Libraries/FEHIO.o
                0x0000fcfc                AnalogEncoder::ProcessInt()
 .text._ZN13AnalogEncoder14ProcessIntSelfEv
                0x0000fd64       0x6e Libraries/FEHIO.o
                0x0000fd64                AnalogEncoder::ProcessIntSelf()
 .text._Z7ADC_CalPV10ADC_MemMap
                0x0000fdd2      0x13e Drivers/adc16.o
                0x0000fdd2                ADC_Cal(ADC_MemMap volatile*)
 .text._Z14ADC_Config_AltPV10ADC_MemMapP7adc_cfg
                0x0000ff10       0x6c Drivers/adc16.o
                0x0000ff10                ADC_Config_Alt(ADC_MemMap volatile*, adc_cfg*)
 .text._ZN9FEHBuzzerC2Ev
                0x0000ff7c       0x14 Libraries/FEHBuzzer.o
                0x0000ff7c                FEHBuzzer::FEHBuzzer()
                0x0000ff7c                FEHBuzzer::FEHBuzzer()
 .text._Z41__static_initialization_and_destruction_0ii
                0x0000ff90       0x2c Libraries/FEHBuzzer.o
 .text._GLOBAL__sub_I_Buzzer
                0x0000ffbc       0x10 Libraries/FEHBuzzer.o
 .text._ZN8FEHServoC2ENS_12FEHServoPortE
                0x0000ffcc       0x38 Libraries/FEHServo.o
                0x0000ffcc                FEHServo::FEHServo(FEHServo::FEHServoPort)
                0x0000ffcc                FEHServo::FEHServo(FEHServo::FEHServoPort)
 .text._ZN8FEHServo9SetDegreeEf
                0x00010004       0xf8 Libraries/FEHServo.o
                0x00010004                FEHServo::SetDegree(float)
 .text._ZN6FEHLCD11_InitializeEv
                0x000100fc      0x410 Libraries/FEHLCD.o
                0x000100fc                FEHLCD::_Initialize()
 .text._ZN6FEHLCDC2Ev
                0x0001050c       0x50 Libraries/FEHLCD.o
                0x0001050c                FEHLCD::FEHLCD()
                0x0001050c                FEHLCD::FEHLCD()
 .text._ZN6FEHLCD10InitializeEv
                0x0001055c       0x28 Libraries/FEHLCD.o
                0x0001055c                FEHLCD::Initialize()
 .text._ZN6FEHLCD10PrintImageEii
                0x00010584       0xbc Libraries/FEHLCD.o
                0x00010584                FEHLCD::PrintImage(int, int)
 .text._ZN6FEHLCD9PrintLogoEii
                0x00010640       0xbc Libraries/FEHLCD.o
                0x00010640                FEHLCD::PrintLogo(int, int)
 .text._ZN6FEHLCD22ConvertFEHColorTo24BitENS_11FEHLCDColorE
                0x000106fc       0x78 Libraries/FEHLCD.o
                0x000106fc                FEHLCD::ConvertFEHColorTo24Bit(FEHLCD::FEHLCDColor)
 .text._ZN6FEHLCD24Convert24BitColorTo16BitEj
                0x00010774       0x30 Libraries/FEHLCD.o
                0x00010774                FEHLCD::Convert24BitColorTo16Bit(unsigned int)
 .text._ZN6FEHLCD22ConvertRGBColorTo16BitEhhh
                0x000107a4       0x4a Libraries/FEHLCD.o
                0x000107a4                FEHLCD::ConvertRGBColorTo16Bit(unsigned char, unsigned char, unsigned char)
 .text._ZN6FEHLCD5ClearENS_11FEHLCDColorE
                0x000107ee       0x28 Libraries/FEHLCD.o
                0x000107ee                FEHLCD::Clear(FEHLCD::FEHLCDColor)
 .text._ZN6FEHLCD5ClearEj
                0x00010816       0x2c Libraries/FEHLCD.o
                0x00010816                FEHLCD::Clear(unsigned int)
 .text._ZN6FEHLCD5ClearEv
                0x00010842       0x16 Libraries/FEHLCD.o
                0x00010842                FEHLCD::Clear()
 .text._ZN6FEHLCD18SetBackgroundColorENS_11FEHLCDColorE
                0x00010858       0x28 Libraries/FEHLCD.o
                0x00010858                FEHLCD::SetBackgroundColor(FEHLCD::FEHLCDColor)
 .text._ZN6FEHLCD18SetBackgroundColorEj
                0x00010880       0x26 Libraries/FEHLCD.o
                0x00010880                FEHLCD::SetBackgroundColor(unsigned int)
 .text._ZN6FEHLCD12SetFontColorENS_11FEHLCDColorE
                0x000108a6       0x28 Libraries/FEHLCD.o
                0x000108a6                FEHLCD::SetFontColor(FEHLCD::FEHLCDColor)
 .text._ZN6FEHLCD12SetFontColorEj
                0x000108ce       0x26 Libraries/FEHLCD.o
                0x000108ce                FEHLCD::SetFontColor(unsigned int)
 .text._ZN6FEHLCD7WriteAtEPKcii
                0x000108f4       0x46 Libraries/FEHLCD.o
                0x000108f4                FEHLCD::WriteAt(char const*, int, int)
 .text._ZN6FEHLCD11TS_SPI_InitEv
                0x0001093a       0x7c Libraries/FEHLCD.o
                0x0001093a                FEHLCD::TS_SPI_Init()
 *fill*         0x000109b6        0x2 
 .text._ZN6FEHLCD5TouchEPfS0_
                0x000109b8      0x1fc Libraries/FEHLCD.o
                0x000109b8                FEHLCD::Touch(float*, float*)
 .text._ZN6FEHLCD3absEi
                0x00010bb4       0x22 Libraries/FEHLCD.o
                0x00010bb4                FEHLCD::abs(int)
 .text._ZN6FEHLCD5WriteEPKc
                0x00010bd6       0x4e Libraries/FEHLCD.o
                0x00010bd6                FEHLCD::Write(char const*)
 .text._ZN6FEHLCD5WriteEi
                0x00010c24       0x30 Libraries/FEHLCD.o
                0x00010c24                FEHLCD::Write(int)
 .text._ZN6FEHLCD5WriteEf
                0x00010c54       0xc0 Libraries/FEHLCD.o
                0x00010c54                FEHLCD::Write(float)
 .text._ZN6FEHLCD5WriteEc
                0x00010d14       0x30 Libraries/FEHLCD.o
                0x00010d14                FEHLCD::Write(char)
 .text._ZN6FEHLCD9WriteLineEPKc
                0x00010d44       0x26 Libraries/FEHLCD.o
                0x00010d44                FEHLCD::WriteLine(char const*)
 .text._ZN6FEHLCD9WriteLineEi
                0x00010d6a       0x26 Libraries/FEHLCD.o
                0x00010d6a                FEHLCD::WriteLine(int)
 .text._ZN6FEHLCD9WriteLineEf
                0x00010d90       0x26 Libraries/FEHLCD.o
                0x00010d90                FEHLCD::WriteLine(float)
 .text._ZN6FEHLCD9WriteLineEc
                0x00010db6       0x2a Libraries/FEHLCD.o
                0x00010db6                FEHLCD::WriteLine(char)
 .text._ZN6FEHLCD10WriteIndexEh
                0x00010de0      0x14c Libraries/FEHLCD.o
                0x00010de0                FEHLCD::WriteIndex(unsigned char)
 .text._ZN6FEHLCD14WriteParameterEh
                0x00010f2c      0x130 Libraries/FEHLCD.o
                0x00010f2c                FEHLCD::WriteParameter(unsigned char)
 .text._ZN6FEHLCD6_ClearEv
                0x0001105c      0x15c Libraries/FEHLCD.o
                0x0001105c                FEHLCD::_Clear()
 .text._ZN6FEHLCD8NextLineEv
                0x000111b8       0x2a Libraries/FEHLCD.o
                0x000111b8                FEHLCD::NextLine()
 .text._ZN6FEHLCD9CheckLineEv
                0x000111e2       0x28 Libraries/FEHLCD.o
                0x000111e2                FEHLCD::CheckLine()
 .text._ZN6FEHLCD8NextCharEv
                0x0001120a       0x32 Libraries/FEHLCD.o
                0x0001120a                FEHLCD::NextChar()
 .text._ZN6FEHLCD9DrawPixelEii
                0x0001123c       0x2a Libraries/FEHLCD.o
                0x0001123c                FEHLCD::DrawPixel(int, int)
 .text._Z4SwapRiS_
                0x00011266       0x28 Libraries/FEHLCD.o
                0x00011266                Swap(int&, int&)
 .text._ZN6FEHLCD13DrawRectangleEiiii
                0x0001128e       0x7c Libraries/FEHLCD.o
                0x0001128e                FEHLCD::DrawRectangle(int, int, int, int)
 .text._ZN6FEHLCD13SetDrawRegionEiiii
                0x0001130a       0xfe Libraries/FEHLCD.o
                0x0001130a                FEHLCD::SetDrawRegion(int, int, int, int)
 .text._ZN6FEHLCD8DrawLineEiiii
                0x00011408      0x14c Libraries/FEHLCD.o
                0x00011408                FEHLCD::DrawLine(int, int, int, int)
 .text._ZN6FEHLCD9WriteCharEiic
                0x00011554       0x34 Libraries/FEHLCD.o
                0x00011554                FEHLCD::WriteChar(int, int, char)
 .text._ZN6FEHLCD11WriteCharAtEiic
                0x00011588      0x214 Libraries/FEHLCD.o
                0x00011588                FEHLCD::WriteCharAt(int, int, char)
 .text._ZN6FEHLCD11RepeatColorEv
                0x0001179c       0x70 Libraries/FEHLCD.o
                0x0001179c                FEHLCD::RepeatColor()
 .text._ZN6FEHLCD10_ForePixelEv
                0x0001180c       0xc4 Libraries/FEHLCD.o
                0x0001180c                FEHLCD::_ForePixel()
 .text._ZN6FEHLCD10_BackPixelEv
                0x000118d0       0xc4 Libraries/FEHLCD.o
                0x000118d0                FEHLCD::_BackPixel()
 .text._ZN6FEHLCD22SetRegisterColorValuesEv
                0x00011994      0x336 Libraries/FEHLCD.o
                0x00011994                FEHLCD::SetRegisterColorValues()
 .text._ZN7FEHIcon4IconC2Ev
                0x00011cca       0x14 Libraries/FEHLCD.o
                0x00011cca                FEHIcon::Icon::Icon()
                0x00011cca                FEHIcon::Icon::Icon()
 .text._ZN7FEHIcon4Icon13SetPropertiesEPciiiijj
                0x00011cde       0x6a Libraries/FEHLCD.o
                0x00011cde                FEHIcon::Icon::SetProperties(char*, int, int, int, int, unsigned int, unsigned int)
 .text._ZN7FEHIcon4Icon4DrawEv
                0x00011d48       0x90 Libraries/FEHLCD.o
                0x00011d48                FEHIcon::Icon::Draw()
 .text._ZN7FEHIcon4Icon6SelectEv
                0x00011dd8       0x90 Libraries/FEHLCD.o
                0x00011dd8                FEHIcon::Icon::Select()
 .text._ZN7FEHIcon4Icon8DeselectEv
                0x00011e68       0x8c Libraries/FEHLCD.o
                0x00011e68                FEHIcon::Icon::Deselect()
 .text._ZN7FEHIcon4Icon7PressedEffi
                0x00011ef4      0x13c Libraries/FEHLCD.o
                0x00011ef4                FEHIcon::Icon::Pressed(float, float, int)
 .text._ZN7FEHIcon4Icon12WhilePressedEff
                0x00012030       0x50 Libraries/FEHLCD.o
                0x00012030                FEHIcon::Icon::WhilePressed(float, float)
 .text._ZN7FEHIcon13DrawIconArrayEPNS_4IconEiiiiiiPA20_cjj
                0x00012080      0x168 Libraries/FEHLCD.o
                0x00012080                FEHIcon::DrawIconArray(FEHIcon::Icon*, int, int, int, int, int, int, char (*) [20], unsigned int, unsigned int)
 .text._Z41__static_initialization_and_destruction_0ii
                0x000121e8       0x2c Libraries/FEHLCD.o
 .text._GLOBAL__sub_I_image
                0x00012214       0x10 Libraries/FEHLCD.o
 .text._ZN8FEHAccelC2Ev
                0x00012224       0x70 Libraries/FEHAccel.o
                0x00012224                FEHAccel::FEHAccel()
                0x00012224                FEHAccel::FEHAccel()
 .text._Z41__static_initialization_and_destruction_0ii
                0x00012294       0x2c Libraries/FEHAccel.o
 .text._GLOBAL__sub_I_Accel
                0x000122c0       0x10 Libraries/FEHAccel.o
 .text._ZN10FEHBatteryC2EN5FEHIO8FEHIOPinE
                0x000122d0       0x22 Libraries/FEHBattery.o
                0x000122d0                FEHBattery::FEHBattery(FEHIO::FEHIOPin)
                0x000122d0                FEHBattery::FEHBattery(FEHIO::FEHIOPin)
 *fill*         0x000122f2        0x2 
 .text._Z41__static_initialization_and_destruction_0ii
                0x000122f4       0x30 Libraries/FEHBattery.o
 .text._GLOBAL__sub_I_Battery
                0x00012324       0x10 Libraries/FEHBattery.o
 .text._ZN7FEHXBeeC2Ev
                0x00012334       0x1a Drivers/FEHXBee.o
                0x00012334                FEHXBee::FEHXBee()
                0x00012334                FEHXBee::FEHXBee()
 *fill*         0x0001234e        0x2 
 .text._ZN7FEHXBee10InitializeEv
                0x00012350       0xdc Drivers/FEHXBee.o
                0x00012350                FEHXBee::Initialize()
 .text._ZN7FEHXBee13IsInitializedEv
                0x0001242c       0x16 Drivers/FEHXBee.o
                0x0001242c                FEHXBee::IsInitialized()
 *fill*         0x00012442        0x2 
 .text._ZN7FEHXBee17ReceiveDataSearchEPcjh
                0x00012444       0x8c Drivers/FEHXBee.o
                0x00012444                FEHXBee::ReceiveDataSearch(char*, unsigned int, unsigned char)
 .text._ZN7FEHXBee8SendDataEPcj
                0x000124d0       0x40 Drivers/FEHXBee.o
                0x000124d0                FEHXBee::SendData(char*, unsigned int)
 .text._ZN7FEHXBee17SetPacketCallBackEPFvPhhE
                0x00012510       0x20 Drivers/FEHXBee.o
                0x00012510                FEHXBee::SetPacketCallBack(void (*)(unsigned char*, unsigned char))
 .text._Z22UART0_RX_TX_IRQHandlerv
                0x00012530       0xec Drivers/FEHXBee.o
                0x00012530                UART0_RX_TX_IRQHandler()
 .text._ZN6FEHRPSC2Ev
                0x0001261c       0x74 Libraries/FEHRPS.o
                0x0001261c                FEHRPS::FEHRPS()
                0x0001261c                FEHRPS::FEHRPS()
 .text._ZN6FEHRPS10InitializeEi
                0x00012690      0x664 Libraries/FEHRPS.o
                0x00012690                FEHRPS::Initialize(int)
 .text._ZN6FEHRPS10InitializeEc
                0x00012cf4       0x46 Libraries/FEHRPS.o
                0x00012cf4                FEHRPS::Initialize(char)
 *fill*         0x00012d3a        0x2 
 .text._ZN6FEHRPS19InitializeTouchMenuEv
                0x00012d3c      0x424 Libraries/FEHRPS.o
                0x00012d3c                FEHRPS::InitializeTouchMenu()
 .text._ZN6FEHRPS19CurrentRegionLetterEv
                0x00013160       0x1c Libraries/FEHRPS.o
                0x00013160                FEHRPS::CurrentRegionLetter()
 .text._ZN6FEHRPS15GetCorrectLeverEv
                0x0001317c       0x1c Libraries/FEHRPS.o
                0x0001317c                FEHRPS::GetCorrectLever()
 .text._ZN6FEHRPS13WaitForPacketEv
                0x00013198       0x58 Libraries/FEHRPS.o
                0x00013198                FEHRPS::WaitForPacket()
 .text._ZN6FEHRPS7HeadingEv
                0x000131f0       0x1c Libraries/FEHRPS.o
                0x000131f0                FEHRPS::Heading()
 .text._Z14RPSDataProcessPhh
                0x0001320c      0x148 Libraries/FEHRPS.o
                0x0001320c                RPSDataProcess(unsigned char*, unsigned char)
 .text._Z41__static_initialization_and_destruction_0ii
                0x00013354       0x2c Libraries/FEHRPS.o
 .text._GLOBAL__sub_I_RPS
                0x00013380       0x10 Libraries/FEHRPS.o
 .text._ZN5FEHSDC2Ev
                0x00013390       0x24 Libraries/FEHSD.o
                0x00013390                FEHSD::FEHSD()
                0x00013390                FEHSD::FEHSD()
 .text._ZN5FEHSD9FCloseAllEv
                0x000133b4       0x6c Libraries/FEHSD.o
                0x000133b4                FEHSD::FCloseAll()
 .text._Z41__static_initialization_and_destruction_0ii
                0x00013420       0x2c Libraries/FEHSD.o
 .text._GLOBAL__sub_I_SD
                0x0001344c       0x10 Libraries/FEHSD.o
 .text._ZN9FEHRandom10InitializeEv
                0x0001345c       0x3c Libraries/FEHRandom.o
                0x0001345c                FEHRandom::Initialize()
 .text.startup._GLOBAL__sub_I__ZN9__gnu_cxx9__freeresEv
                0x00013498       0x28 c:/gcc-arm-none-eabi-10.3-2021.10/bin/../lib/gcc/arm-none-eabi/10.3.1/../../../../arm-none-eabi/lib/thumb/v7e-m/nofp\libstdc++.a(eh_alloc.o)
 .text          0x000134c0      0x378 c:/gcc-arm-none-eabi-10.3-2021.10/bin/../lib/gcc/arm-none-eabi/10.3.1/thumb/v7e-m/nofp\libgcc.a(_arm_addsubdf3.o)
                0x000134c0                __aeabi_drsub
                0x000134c8                __aeabi_dsub
                0x000134c8                __subdf3
                0x000134cc                __aeabi_dadd
                0x000134cc                __adddf3
                0x00013744                __floatunsidf
                0x00013744                __aeabi_ui2d
                0x00013764                __floatsidf
                0x00013764                __aeabi_i2d
                0x00013788                __aeabi_f2d
                0x00013788                __extendsfdf2
                0x000137cc                __floatundidf
                0x000137cc                __aeabi_ul2d
                0x000137dc                __floatdidf
                0x000137dc                __aeabi_l2d
 .text          0x00013838      0x424 c:/gcc-arm-none-eabi-10.3-2021.10/bin/../lib/gcc/arm-none-eabi/10.3.1/thumb/v7e-m/nofp\libgcc.a(_arm_muldivdf3.o)
                0x00013838                __aeabi_dmul
                0x00013838                __muldf3
                0x00013a8c                __divdf3
                0x00013a8c                __aeabi_ddiv
 .text          0x00013c5c      0x110 c:/gcc-arm-none-eabi-10.3-2021.10/bin/../lib/gcc/arm-none-eabi/10.3.1/thumb/v7e-m/nofp\libgcc.a(_arm_cmpdf2.o)
                0x00013c5c                __gtdf2
                0x00013c5c                __gedf2
                0x00013c64                __ltdf2
                0x00013c64                __ledf2
                0x00013c6c                __nedf2
                0x00013c6c                __eqdf2
                0x00013c6c                __cmpdf2
                0x00013ce8                __aeabi_cdrcmple
                0x00013cf8                __aeabi_cdcmpeq
                0x00013cf8                __aeabi_cdcmple
                0x00013d08                __aeabi_dcmpeq
                0x00013d1c                __aeabi_dcmplt
                0x00013d30                __aeabi_dcmple
                0x00013d44                __aeabi_dcmpge
                0x00013d58                __aeabi_dcmpgt
 .text          0x00013d6c       0x50 c:/gcc-arm-none-eabi-10.3-2021.10/bin/../lib/gcc/arm-none-eabi/10.3.1/thumb/v7e-m/nofp\libgcc.a(_arm_fixdfsi.o)
                0x00013d6c                __aeabi_d2iz
                0x00013d6c                __fixdfsi
 .text          0x00013dbc       0x40 c:/gcc-arm-none-eabi-10.3-2021.10/bin/../lib/gcc/arm-none-eabi/10.3.1/thumb/v7e-m/nofp\libgcc.a(_arm_fixunsdfsi.o)
                0x00013dbc                __aeabi_d2uiz
                0x00013dbc                __fixunsdfsi
 .text          0x00013dfc       0xa0 c:/gcc-arm-none-eabi-10.3-2021.10/bin/../lib/gcc/arm-none-eabi/10.3.1/thumb/v7e-m/nofp\libgcc.a(_arm_truncdfsf2.o)
                0x00013dfc                __truncdfsf2
                0x00013dfc                __aeabi_d2f
 .text          0x00013e9c      0x21c c:/gcc-arm-none-eabi-10.3-2021.10/bin/../lib/gcc/arm-none-eabi/10.3.1/thumb/v7e-m/nofp\libgcc.a(_arm_addsubsf3.o)
                0x00013e9c                __aeabi_frsub
                0x00013ea4                __subsf3
                0x00013ea4                __aeabi_fsub
                0x00013ea8                __aeabi_fadd
                0x00013ea8                __addsf3
                0x00014008                __aeabi_ui2f
                0x00014008                __floatunsisf
                0x00014010                __aeabi_i2f
                0x00014010                __floatsisf
                0x0001402c                __aeabi_ul2f
                0x0001402c                __floatundisf
                0x0001403c                __aeabi_l2f
                0x0001403c                __floatdisf
 .text          0x000140b8      0x2a0 c:/gcc-arm-none-eabi-10.3-2021.10/bin/../lib/gcc/arm-none-eabi/10.3.1/thumb/v7e-m/nofp\libgcc.a(_arm_muldivsf3.o)
                0x000140b8                __mulsf3
                0x000140b8                __aeabi_fmul
                0x00014220                __aeabi_fdiv
                0x00014220                __divsf3
 .text          0x00014358       0xec c:/gcc-arm-none-eabi-10.3-2021.10/bin/../lib/gcc/arm-none-eabi/10.3.1/thumb/v7e-m/nofp\libgcc.a(_arm_cmpsf2.o)
                0x00014358                __gesf2
                0x00014358                __gtsf2
                0x00014360                __lesf2
                0x00014360                __ltsf2
                0x00014368                __nesf2
                0x00014368                __eqsf2
                0x00014368                __cmpsf2
                0x000143c8                __aeabi_cfrcmple
                0x000143d0                __aeabi_cfcmpeq
                0x000143d0                __aeabi_cfcmple
                0x000143e0                __aeabi_fcmpeq
                0x000143f4                __aeabi_fcmplt
                0x00014408                __aeabi_fcmple
                0x0001441c                __aeabi_fcmpge
                0x00014430                __aeabi_fcmpgt
 .text          0x00014444       0x4c c:/gcc-arm-none-eabi-10.3-2021.10/bin/../lib/gcc/arm-none-eabi/10.3.1/thumb/v7e-m/nofp\libgcc.a(_arm_fixsfsi.o)
                0x00014444                __aeabi_f2iz
                0x00014444                __fixsfsi
 .text.abort    0x00014490       0x10 c:/gcc-arm-none-eabi-10.3-2021.10/bin/../lib/gcc/arm-none-eabi/10.3.1/../../../../arm-none-eabi/lib/thumb/v7e-m/nofp\libg.a(lib_a-abort.o)
                0x00014490                abort
 .text.__sfvwrite_r
                0x000144a0      0x2e8 c:/gcc-arm-none-eabi-10.3-2021.10/bin/../lib/gcc/arm-none-eabi/10.3.1/../../../../arm-none-eabi/lib/thumb/v7e-m/nofp\libg.a(lib_a-fvwrite.o)
                0x000144a0                __sfvwrite_r
 .text.__libc_init_array
                0x00014788       0x48 c:/gcc-arm-none-eabi-10.3-2021.10/bin/../lib/gcc/arm-none-eabi/10.3.1/../../../../arm-none-eabi/lib/thumb/v7e-m/nofp\libg.a(lib_a-init.o)
                0x00014788                __libc_init_array
 .text.__retarget_lock_init_recursive
                0x000147d0        0x4 c:/gcc-arm-none-eabi-10.3-2021.10/bin/../lib/gcc/arm-none-eabi/10.3.1/../../../../arm-none-eabi/lib/thumb/v7e-m/nofp\libg.a(lib_a-lock.o)
                0x000147d0                __retarget_lock_init_recursive
 .text.__retarget_lock_close_recursive
                0x000147d4        0x4 c:/gcc-arm-none-eabi-10.3-2021.10/bin/../lib/gcc/arm-none-eabi/10.3.1/../../../../arm-none-eabi/lib/thumb/v7e-m/nofp\libg.a(lib_a-lock.o)
                0x000147d4                __retarget_lock_close_recursive
 .text.__retarget_lock_acquire_recursive
                0x000147d8        0x4 c:/gcc-arm-none-eabi-10.3-2021.10/bin/../lib/gcc/arm-none-eabi/10.3.1/../../../../arm-none-eabi/lib/thumb/v7e-m/nofp\libg.a(lib_a-lock.o)
                0x000147d8                __retarget_lock_acquire_recursive
 .text.__retarget_lock_release_recursive
                0x000147dc        0x4 c:/gcc-arm-none-eabi-10.3-2021.10/bin/../lib/gcc/arm-none-eabi/10.3.1/../../../../arm-none-eabi/lib/thumb/v7e-m/nofp\libg.a(lib_a-lock.o)
                0x000147dc                __retarget_lock_release_recursive
 .text.malloc   0x000147e0       0x10 c:/gcc-arm-none-eabi-10.3-2021.10/bin/../lib/gcc/arm-none-eabi/10.3.1/../../../../arm-none-eabi/lib/thumb/v7e-m/nofp\libg.a(lib_a-malloc.o)
                0x000147e0                malloc
 .text._malloc_r
                0x000147f0      0x560 c:/gcc-arm-none-eabi-10.3-2021.10/bin/../lib/gcc/arm-none-eabi/10.3.1/../../../../arm-none-eabi/lib/thumb/v7e-m/nofp\libg.a(lib_a-mallocr.o)
                0x000147f0                _malloc_r
 .text          0x00014d50       0xa0 c:/gcc-arm-none-eabi-10.3-2021.10/bin/../lib/gcc/arm-none-eabi/10.3.1/../../../../arm-none-eabi/lib/thumb/v7e-m/nofp\libg.a(lib_a-memchr.o)
                0x00014d50                memchr
 .text          0x00014df0      0x134 c:/gcc-arm-none-eabi-10.3-2021.10/bin/../lib/gcc/arm-none-eabi/10.3.1/../../../../arm-none-eabi/lib/thumb/v7e-m/nofp\libg.a(lib_a-memcpy.o)
                0x00014df0                memcpy
 .text.memmove  0x00014f24       0xf8 c:/gcc-arm-none-eabi-10.3-2021.10/bin/../lib/gcc/arm-none-eabi/10.3.1/../../../../arm-none-eabi/lib/thumb/v7e-m/nofp\libg.a(lib_a-memmove.o)
                0x00014f24                memmove
 .text.memset   0x0001501c       0xa4 c:/gcc-arm-none-eabi-10.3-2021.10/bin/../lib/gcc/arm-none-eabi/10.3.1/../../../../arm-none-eabi/lib/thumb/v7e-m/nofp\libg.a(lib_a-memset.o)
                0x0001501c                memset
 .text.__malloc_lock
                0x000150c0        0xc c:/gcc-arm-none-eabi-10.3-2021.10/bin/../lib/gcc/arm-none-eabi/10.3.1/../../../../arm-none-eabi/lib/thumb/v7e-m/nofp\libg.a(lib_a-mlock.o)
                0x000150c0                __malloc_lock
 .text.__malloc_unlock
                0x000150cc        0xc c:/gcc-arm-none-eabi-10.3-2021.10/bin/../lib/gcc/arm-none-eabi/10.3.1/../../../../arm-none-eabi/lib/thumb/v7e-m/nofp\libg.a(lib_a-mlock.o)
                0x000150cc                __malloc_unlock
 .text._realloc_r
                0x000150d8      0x3d8 c:/gcc-arm-none-eabi-10.3-2021.10/bin/../lib/gcc/arm-none-eabi/10.3.1/../../../../arm-none-eabi/lib/thumb/v7e-m/nofp\libg.a(lib_a-reallocr.o)
                0x000150d8                _realloc_r
 .text._sbrk_r  0x000154b0       0x24 c:/gcc-arm-none-eabi-10.3-2021.10/bin/../lib/gcc/arm-none-eabi/10.3.1/../../../../arm-none-eabi/lib/thumb/v7e-m/nofp\libg.a(lib_a-sbrkr.o)
                0x000154b0                _sbrk_r
 .text.raise    0x000154d4       0x5c c:/gcc-arm-none-eabi-10.3-2021.10/bin/../lib/gcc/arm-none-eabi/10.3.1/../../../../arm-none-eabi/lib/thumb/v7e-m/nofp\libg.a(lib_a-signal.o)
                0x000154d4                raise
 .text._kill_r  0x00015530       0x2c c:/gcc-arm-none-eabi-10.3-2021.10/bin/../lib/gcc/arm-none-eabi/10.3.1/../../../../arm-none-eabi/lib/thumb/v7e-m/nofp\libg.a(lib_a-signalr.o)
                0x00015530                _kill_r
 .text._getpid_r
                0x0001555c        0x4 c:/gcc-arm-none-eabi-10.3-2021.10/bin/../lib/gcc/arm-none-eabi/10.3.1/../../../../arm-none-eabi/lib/thumb/v7e-m/nofp\libg.a(lib_a-signalr.o)
                0x0001555c                _getpid_r
 .text.sprintf  0x00015560       0x40 c:/gcc-arm-none-eabi-10.3-2021.10/bin/../lib/gcc/arm-none-eabi/10.3.1/../../../../arm-none-eabi/lib/thumb/v7e-m/nofp\libg.a(lib_a-sprintf.o)
                0x00015560                sprintf
 .text.strcpy   0x000155a0       0xbc c:/gcc-arm-none-eabi-10.3-2021.10/bin/../lib/gcc/arm-none-eabi/10.3.1/../../../../arm-none-eabi/lib/thumb/v7e-m/nofp\libg.a(lib_a-strcpy.o)
                0x000155a0                strcpy
 *fill*         0x0001565c       0x24 
 .text          0x00015680       0xdc c:/gcc-arm-none-eabi-10.3-2021.10/bin/../lib/gcc/arm-none-eabi/10.3.1/../../../../arm-none-eabi/lib/thumb/v7e-m/nofp\libg.a(lib_a-strlen.o)
                0x00015680                strlen
 .text._svfprintf_r
                0x0001575c     0x1a3c c:/gcc-arm-none-eabi-10.3-2021.10/bin/../lib/gcc/arm-none-eabi/10.3.1/../../../../arm-none-eabi/lib/thumb/v7e-m/nofp\libg.a(lib_a-svfprintf.o)
                0x0001575c                _svfprintf_r
 .text.__swbuf_r
                0x00017198       0xb0 c:/gcc-arm-none-eabi-10.3-2021.10/bin/../lib/gcc/arm-none-eabi/10.3.1/../../../../arm-none-eabi/lib/thumb/v7e-m/nofp\libg.a(lib_a-wbuf.o)
                0x00017198                __swbuf_r
 .text._write_r
                0x00017248       0x2c c:/gcc-arm-none-eabi-10.3-2021.10/bin/../lib/gcc/arm-none-eabi/10.3.1/../../../../arm-none-eabi/lib/thumb/v7e-m/nofp\libg.a(lib_a-writer.o)
                0x00017248                _write_r
 .text.__swsetup_r
                0x00017274       0xd4 c:/gcc-arm-none-eabi-10.3-2021.10/bin/../lib/gcc/arm-none-eabi/10.3.1/../../../../arm-none-eabi/lib/thumb/v7e-m/nofp\libg.a(lib_a-wsetup.o)
                0x00017274                __swsetup_r
 .text.startup.register_fini
                0x00017348       0x14 c:/gcc-arm-none-eabi-10.3-2021.10/bin/../lib/gcc/arm-none-eabi/10.3.1/../../../../arm-none-eabi/lib/thumb/v7e-m/nofp\libg.a(lib_a-__call_atexit.o)
 .text.atexit   0x0001735c        0xc c:/gcc-arm-none-eabi-10.3-2021.10/bin/../lib/gcc/arm-none-eabi/10.3.1/../../../../arm-none-eabi/lib/thumb/v7e-m/nofp\libg.a(lib_a-atexit.o)
                0x0001735c                atexit
 .text.quorem   0x00017368      0x124 c:/gcc-arm-none-eabi-10.3-2021.10/bin/../lib/gcc/arm-none-eabi/10.3.1/../../../../arm-none-eabi/lib/thumb/v7e-m/nofp\libg.a(lib_a-dtoa.o)
 *fill*         0x0001748c        0x4 
 .text._dtoa_r  0x00017490      0xec4 c:/gcc-arm-none-eabi-10.3-2021.10/bin/../lib/gcc/arm-none-eabi/10.3.1/../../../../arm-none-eabi/lib/thumb/v7e-m/nofp\libg.a(lib_a-dtoa.o)
                0x00017490                _dtoa_r
 .text.__sflush_r
                0x00018354      0x120 c:/gcc-arm-none-eabi-10.3-2021.10/bin/../lib/gcc/arm-none-eabi/10.3.1/../../../../arm-none-eabi/lib/thumb/v7e-m/nofp\libg.a(lib_a-fflush.o)
                0x00018354                __sflush_r
 .text._fflush_r
                0x00018474       0x5c c:/gcc-arm-none-eabi-10.3-2021.10/bin/../lib/gcc/arm-none-eabi/10.3.1/../../../../arm-none-eabi/lib/thumb/v7e-m/nofp\libg.a(lib_a-fflush.o)
                0x00018474                _fflush_r
 .text._cleanup_r
                0x000184d0        0xc c:/gcc-arm-none-eabi-10.3-2021.10/bin/../lib/gcc/arm-none-eabi/10.3.1/../../../../arm-none-eabi/lib/thumb/v7e-m/nofp\libg.a(lib_a-findfp.o)
                0x000184d0                _cleanup_r
 .text.__sinit  0x000184dc      0x10c c:/gcc-arm-none-eabi-10.3-2021.10/bin/../lib/gcc/arm-none-eabi/10.3.1/../../../../arm-none-eabi/lib/thumb/v7e-m/nofp\libg.a(lib_a-findfp.o)
                0x000184dc                __sinit
 .text.__sfp_lock_acquire
                0x000185e8        0xc c:/gcc-arm-none-eabi-10.3-2021.10/bin/../lib/gcc/arm-none-eabi/10.3.1/../../../../arm-none-eabi/lib/thumb/v7e-m/nofp\libg.a(lib_a-findfp.o)
                0x000185e8                __sfp_lock_acquire
 .text.__sfp_lock_release
                0x000185f4        0xc c:/gcc-arm-none-eabi-10.3-2021.10/bin/../lib/gcc/arm-none-eabi/10.3.1/../../../../arm-none-eabi/lib/thumb/v7e-m/nofp\libg.a(lib_a-findfp.o)
                0x000185f4                __sfp_lock_release
 .text.__libc_fini_array
                0x00018600       0x2c c:/gcc-arm-none-eabi-10.3-2021.10/bin/../lib/gcc/arm-none-eabi/10.3.1/../../../../arm-none-eabi/lib/thumb/v7e-m/nofp\libg.a(lib_a-fini.o)
                0x00018600                __libc_fini_array
 .text._malloc_trim_r
                0x0001862c       0xa0 c:/gcc-arm-none-eabi-10.3-2021.10/bin/../lib/gcc/arm-none-eabi/10.3.1/../../../../arm-none-eabi/lib/thumb/v7e-m/nofp\libg.a(lib_a-freer.o)
                0x0001862c                _malloc_trim_r
 .text._free_r  0x000186cc      0x20c c:/gcc-arm-none-eabi-10.3-2021.10/bin/../lib/gcc/arm-none-eabi/10.3.1/../../../../arm-none-eabi/lib/thumb/v7e-m/nofp\libg.a(lib_a-freer.o)
                0x000186cc                _free_r
 .text._fwalk_reent
                0x000188d8       0x48 c:/gcc-arm-none-eabi-10.3-2021.10/bin/../lib/gcc/arm-none-eabi/10.3.1/../../../../arm-none-eabi/lib/thumb/v7e-m/nofp\libg.a(lib_a-fwalk.o)
                0x000188d8                _fwalk_reent
 .text._localeconv_r
                0x00018920        0x8 c:/gcc-arm-none-eabi-10.3-2021.10/bin/../lib/gcc/arm-none-eabi/10.3.1/../../../../arm-none-eabi/lib/thumb/v7e-m/nofp\libg.a(lib_a-localeconv.o)
                0x00018920                _localeconv_r
 .text.__smakebuf_r
                0x00018928       0xe0 c:/gcc-arm-none-eabi-10.3-2021.10/bin/../lib/gcc/arm-none-eabi/10.3.1/../../../../arm-none-eabi/lib/thumb/v7e-m/nofp\libg.a(lib_a-makebuf.o)
                0x00018928                __smakebuf_r
 .text._Balloc  0x00018a08       0x4c c:/gcc-arm-none-eabi-10.3-2021.10/bin/../lib/gcc/arm-none-eabi/10.3.1/../../../../arm-none-eabi/lib/thumb/v7e-m/nofp\libg.a(lib_a-mprec.o)
                0x00018a08                _Balloc
 .text._Bfree   0x00018a54       0x14 c:/gcc-arm-none-eabi-10.3-2021.10/bin/../lib/gcc/arm-none-eabi/10.3.1/../../../../arm-none-eabi/lib/thumb/v7e-m/nofp\libg.a(lib_a-mprec.o)
                0x00018a54                _Bfree
 .text.__multadd
                0x00018a68       0xa0 c:/gcc-arm-none-eabi-10.3-2021.10/bin/../lib/gcc/arm-none-eabi/10.3.1/../../../../arm-none-eabi/lib/thumb/v7e-m/nofp\libg.a(lib_a-mprec.o)
                0x00018a68                __multadd
 .text.__hi0bits
                0x00018b08       0x40 c:/gcc-arm-none-eabi-10.3-2021.10/bin/../lib/gcc/arm-none-eabi/10.3.1/../../../../arm-none-eabi/lib/thumb/v7e-m/nofp\libg.a(lib_a-mprec.o)
                0x00018b08                __hi0bits
 .text.__lo0bits
                0x00018b48       0x5c c:/gcc-arm-none-eabi-10.3-2021.10/bin/../lib/gcc/arm-none-eabi/10.3.1/../../../../arm-none-eabi/lib/thumb/v7e-m/nofp\libg.a(lib_a-mprec.o)
                0x00018b48                __lo0bits
 .text.__i2b    0x00018ba4       0x5c c:/gcc-arm-none-eabi-10.3-2021.10/bin/../lib/gcc/arm-none-eabi/10.3.1/../../../../arm-none-eabi/lib/thumb/v7e-m/nofp\libg.a(lib_a-mprec.o)
                0x00018ba4                __i2b
 .text.__multiply
                0x00018c00      0x15c c:/gcc-arm-none-eabi-10.3-2021.10/bin/../lib/gcc/arm-none-eabi/10.3.1/../../../../arm-none-eabi/lib/thumb/v7e-m/nofp\libg.a(lib_a-mprec.o)
                0x00018c00                __multiply
 .text.__pow5mult
                0x00018d5c       0xc0 c:/gcc-arm-none-eabi-10.3-2021.10/bin/../lib/gcc/arm-none-eabi/10.3.1/../../../../arm-none-eabi/lib/thumb/v7e-m/nofp\libg.a(lib_a-mprec.o)
                0x00018d5c                __pow5mult
 .text.__lshift
                0x00018e1c       0xf0 c:/gcc-arm-none-eabi-10.3-2021.10/bin/../lib/gcc/arm-none-eabi/10.3.1/../../../../arm-none-eabi/lib/thumb/v7e-m/nofp\libg.a(lib_a-mprec.o)
                0x00018e1c                __lshift
 .text.__mcmp   0x00018f0c       0x40 c:/gcc-arm-none-eabi-10.3-2021.10/bin/../lib/gcc/arm-none-eabi/10.3.1/../../../../arm-none-eabi/lib/thumb/v7e-m/nofp\libg.a(lib_a-mprec.o)
                0x00018f0c                __mcmp
 .text.__mdiff  0x00018f4c      0x14c c:/gcc-arm-none-eabi-10.3-2021.10/bin/../lib/gcc/arm-none-eabi/10.3.1/../../../../arm-none-eabi/lib/thumb/v7e-m/nofp\libg.a(lib_a-mprec.o)
                0x00018f4c                __mdiff
 .text.__d2b    0x00019098       0xc4 c:/gcc-arm-none-eabi-10.3-2021.10/bin/../lib/gcc/arm-none-eabi/10.3.1/../../../../arm-none-eabi/lib/thumb/v7e-m/nofp\libg.a(lib_a-mprec.o)
                0x00019098                __d2b
 .text.frexp    0x0001915c       0x70 c:/gcc-arm-none-eabi-10.3-2021.10/bin/../lib/gcc/arm-none-eabi/10.3.1/../../../../arm-none-eabi/lib/thumb/v7e-m/nofp\libg.a(lib_a-s_frexp.o)
                0x0001915c                frexp
 .text.__sread  0x000191cc       0x24 c:/gcc-arm-none-eabi-10.3-2021.10/bin/../lib/gcc/arm-none-eabi/10.3.1/../../../../arm-none-eabi/lib/thumb/v7e-m/nofp\libg.a(lib_a-stdio.o)
                0x000191cc                __sread
 .text.__swrite
                0x000191f0       0x40 c:/gcc-arm-none-eabi-10.3-2021.10/bin/../lib/gcc/arm-none-eabi/10.3.1/../../../../arm-none-eabi/lib/thumb/v7e-m/nofp\libg.a(lib_a-stdio.o)
                0x000191f0                __swrite
 .text.__sseek  0x00019230       0x20 c:/gcc-arm-none-eabi-10.3-2021.10/bin/../lib/gcc/arm-none-eabi/10.3.1/../../../../arm-none-eabi/lib/thumb/v7e-m/nofp\libg.a(lib_a-stdio.o)
                0x00019230                __sseek
 .text.__sclose
                0x00019250        0x8 c:/gcc-arm-none-eabi-10.3-2021.10/bin/../lib/gcc/arm-none-eabi/10.3.1/../../../../arm-none-eabi/lib/thumb/v7e-m/nofp\libg.a(lib_a-stdio.o)
                0x00019250                __sclose
 .text.strncpy  0x00019258       0x64 c:/gcc-arm-none-eabi-10.3-2021.10/bin/../lib/gcc/arm-none-eabi/10.3.1/../../../../arm-none-eabi/lib/thumb/v7e-m/nofp\libg.a(lib_a-strncpy.o)
                0x00019258                strncpy
 .text.__ssprint_r
                0x000192bc       0xf8 c:/gcc-arm-none-eabi-10.3-2021.10/bin/../lib/gcc/arm-none-eabi/10.3.1/../../../../arm-none-eabi/lib/thumb/v7e-m/nofp\libg.a(lib_a-svfiprintf.o)
                0x000192bc                __ssprint_r
 .text.__register_exitproc
                0x000193b4       0x8c c:/gcc-arm-none-eabi-10.3-2021.10/bin/../lib/gcc/arm-none-eabi/10.3.1/../../../../arm-none-eabi/lib/thumb/v7e-m/nofp\libg.a(lib_a-__atexit.o)
                0x000193b4                __register_exitproc
 .text.__assert_func
                0x00019440       0x40 c:/gcc-arm-none-eabi-10.3-2021.10/bin/../lib/gcc/arm-none-eabi/10.3.1/../../../../arm-none-eabi/lib/thumb/v7e-m/nofp\libg.a(lib_a-assert.o)
                0x00019440                __assert_func
 .text._calloc_r
                0x00019480       0x78 c:/gcc-arm-none-eabi-10.3-2021.10/bin/../lib/gcc/arm-none-eabi/10.3.1/../../../../arm-none-eabi/lib/thumb/v7e-m/nofp\libg.a(lib_a-callocr.o)
                0x00019480                _calloc_r
 .text._close_r
                0x000194f8       0x24 c:/gcc-arm-none-eabi-10.3-2021.10/bin/../lib/gcc/arm-none-eabi/10.3.1/../../../../arm-none-eabi/lib/thumb/v7e-m/nofp\libg.a(lib_a-closer.o)
                0x000194f8                _close_r
 .text.__errno  0x0001951c        0xc c:/gcc-arm-none-eabi-10.3-2021.10/bin/../lib/gcc/arm-none-eabi/10.3.1/../../../../arm-none-eabi/lib/thumb/v7e-m/nofp\libg.a(lib_a-errno.o)
                0x0001951c                __errno
 .text._fclose_r
                0x00019528       0xcc c:/gcc-arm-none-eabi-10.3-2021.10/bin/../lib/gcc/arm-none-eabi/10.3.1/../../../../arm-none-eabi/lib/thumb/v7e-m/nofp\libg.a(lib_a-fclose.o)
                0x00019528                _fclose_r
 .text.fiprintf
                0x000195f4       0x28 c:/gcc-arm-none-eabi-10.3-2021.10/bin/../lib/gcc/arm-none-eabi/10.3.1/../../../../arm-none-eabi/lib/thumb/v7e-m/nofp\libg.a(lib_a-fiprintf.o)
                0x000195f4                fiprintf
 .text._fstat_r
                0x0001961c       0x2c c:/gcc-arm-none-eabi-10.3-2021.10/bin/../lib/gcc/arm-none-eabi/10.3.1/../../../../arm-none-eabi/lib/thumb/v7e-m/nofp\libg.a(lib_a-fstatr.o)
                0x0001961c                _fstat_r
 .text._isatty_r
                0x00019648       0x24 c:/gcc-arm-none-eabi-10.3-2021.10/bin/../lib/gcc/arm-none-eabi/10.3.1/../../../../arm-none-eabi/lib/thumb/v7e-m/nofp\libg.a(lib_a-isattyr.o)
                0x00019648                _isatty_r
 .text.__locale_mb_cur_max
                0x0001966c        0xc c:/gcc-arm-none-eabi-10.3-2021.10/bin/../lib/gcc/arm-none-eabi/10.3.1/../../../../arm-none-eabi/lib/thumb/v7e-m/nofp\libg.a(lib_a-locale.o)
                0x0001966c                __locale_mb_cur_max
 .text._lseek_r
                0x00019678       0x2c c:/gcc-arm-none-eabi-10.3-2021.10/bin/../lib/gcc/arm-none-eabi/10.3.1/../../../../arm-none-eabi/lib/thumb/v7e-m/nofp\libg.a(lib_a-lseekr.o)
                0x00019678                _lseek_r
 .text.__ascii_mbtowc
                0x000196a4       0x2c c:/gcc-arm-none-eabi-10.3-2021.10/bin/../lib/gcc/arm-none-eabi/10.3.1/../../../../arm-none-eabi/lib/thumb/v7e-m/nofp\libg.a(lib_a-mbtowc_r.o)
                0x000196a4                __ascii_mbtowc
 .text._read_r  0x000196d0       0x2c c:/gcc-arm-none-eabi-10.3-2021.10/bin/../lib/gcc/arm-none-eabi/10.3.1/../../../../arm-none-eabi/lib/thumb/v7e-m/nofp\libg.a(lib_a-readr.o)
                0x000196d0                _read_r
 .text.__sprint_r.part.0
                0x000196fc       0x78 c:/gcc-arm-none-eabi-10.3-2021.10/bin/../lib/gcc/arm-none-eabi/10.3.1/../../../../arm-none-eabi/lib/thumb/v7e-m/nofp\libg.a(lib_a-vfiprintf.o)
 .text._vfiprintf_r
                0x00019774      0xda0 c:/gcc-arm-none-eabi-10.3-2021.10/bin/../lib/gcc/arm-none-eabi/10.3.1/../../../../arm-none-eabi/lib/thumb/v7e-m/nofp\libg.a(lib_a-vfiprintf.o)
                0x00019774                _vfiprintf_r
 .text.__sbprintf
                0x0001a514       0x80 c:/gcc-arm-none-eabi-10.3-2021.10/bin/../lib/gcc/arm-none-eabi/10.3.1/../../../../arm-none-eabi/lib/thumb/v7e-m/nofp\libg.a(lib_a-vfiprintf.o)
 .text.__ascii_wctomb
                0x0001a594       0x1c c:/gcc-arm-none-eabi-10.3-2021.10/bin/../lib/gcc/arm-none-eabi/10.3.1/../../../../arm-none-eabi/lib/thumb/v7e-m/nofp\libg.a(lib_a-wctomb_r.o)
                0x0001a594                __ascii_wctomb
 .text.__fputwc
                0x0001a5b0       0xa8 c:/gcc-arm-none-eabi-10.3-2021.10/bin/../lib/gcc/arm-none-eabi/10.3.1/../../../../arm-none-eabi/lib/thumb/v7e-m/nofp\libg.a(lib_a-fputwc.o)
                0x0001a5b0                __fputwc
 .text._fputwc_r
                0x0001a658       0x68 c:/gcc-arm-none-eabi-10.3-2021.10/bin/../lib/gcc/arm-none-eabi/10.3.1/../../../../arm-none-eabi/lib/thumb/v7e-m/nofp\libg.a(lib_a-fputwc.o)
                0x0001a658                _fputwc_r
 .text._wcrtomb_r
                0x0001a6c0       0x3c c:/gcc-arm-none-eabi-10.3-2021.10/bin/../lib/gcc/arm-none-eabi/10.3.1/../../../../arm-none-eabi/lib/thumb/v7e-m/nofp\libg.a(lib_a-wcrtomb.o)
                0x0001a6c0                _wcrtomb_r
 .text          0x0001a6fc       0x2c c:/gcc-arm-none-eabi-10.3-2021.10/bin/../lib/gcc/arm-none-eabi/10.3.1/thumb/v7e-m/nofp\libgcc.a(_arm_unorddf2.o)
                0x0001a6fc                __unorddf2
                0x0001a6fc                __aeabi_dcmpun
 .text          0x0001a728       0x30 c:/gcc-arm-none-eabi-10.3-2021.10/bin/../lib/gcc/arm-none-eabi/10.3.1/thumb/v7e-m/nofp\libgcc.a(_aeabi_uldivmod.o)
                0x0001a728                __aeabi_uldivmod
 .text          0x0001a758      0x2d0 c:/gcc-arm-none-eabi-10.3-2021.10/bin/../lib/gcc/arm-none-eabi/10.3.1/thumb/v7e-m/nofp\libgcc.a(_udivmoddi4.o)
                0x0001a758                __udivmoddi4
 .text          0x0001aa28        0x4 c:/gcc-arm-none-eabi-10.3-2021.10/bin/../lib/gcc/arm-none-eabi/10.3.1/thumb/v7e-m/nofp\libgcc.a(_dvmd_tls.o)
                0x0001aa28                __aeabi_idiv0
                0x0001aa28                __aeabi_ldiv0
 .text._close   0x0001aa2c       0x10 c:/gcc-arm-none-eabi-10.3-2021.10/bin/../lib/gcc/arm-none-eabi/10.3.1/../../../../arm-none-eabi/lib/thumb/v7e-m/nofp\libnosys.a(close.o)
                0x0001aa2c                _close
 .text._fstat   0x0001aa3c       0x10 c:/gcc-arm-none-eabi-10.3-2021.10/bin/../lib/gcc/arm-none-eabi/10.3.1/../../../../arm-none-eabi/lib/thumb/v7e-m/nofp\libnosys.a(fstat.o)
                0x0001aa3c                _fstat
 .text._getpid  0x0001aa4c       0x10 c:/gcc-arm-none-eabi-10.3-2021.10/bin/../lib/gcc/arm-none-eabi/10.3.1/../../../../arm-none-eabi/lib/thumb/v7e-m/nofp\libnosys.a(getpid.o)
                0x0001aa4c                _getpid
 .text._isatty  0x0001aa5c       0x10 c:/gcc-arm-none-eabi-10.3-2021.10/bin/../lib/gcc/arm-none-eabi/10.3.1/../../../../arm-none-eabi/lib/thumb/v7e-m/nofp\libnosys.a(isatty.o)
                0x0001aa5c                _isatty
 .text._kill    0x0001aa6c       0x10 c:/gcc-arm-none-eabi-10.3-2021.10/bin/../lib/gcc/arm-none-eabi/10.3.1/../../../../arm-none-eabi/lib/thumb/v7e-m/nofp\libnosys.a(kill.o)
                0x0001aa6c                _kill
 .text._lseek   0x0001aa7c       0x10 c:/gcc-arm-none-eabi-10.3-2021.10/bin/../lib/gcc/arm-none-eabi/10.3.1/../../../../arm-none-eabi/lib/thumb/v7e-m/nofp\libnosys.a(lseek.o)
                0x0001aa7c                _lseek
 .text._read    0x0001aa8c       0x10 c:/gcc-arm-none-eabi-10.3-2021.10/bin/../lib/gcc/arm-none-eabi/10.3.1/../../../../arm-none-eabi/lib/thumb/v7e-m/nofp\libnosys.a(read.o)
                0x0001aa8c                _read
 .text._sbrk    0x0001aa9c       0x1c c:/gcc-arm-none-eabi-10.3-2021.10/bin/../lib/gcc/arm-none-eabi/10.3.1/../../../../arm-none-eabi/lib/thumb/v7e-m/nofp\libnosys.a(sbrk.o)
                0x0001aa9c                _sbrk
 .text._write   0x0001aab8       0x10 c:/gcc-arm-none-eabi-10.3-2021.10/bin/../lib/gcc/arm-none-eabi/10.3.1/../../../../arm-none-eabi/lib/thumb/v7e-m/nofp\libnosys.a(write.o)
                0x0001aab8                _write
 .text._exit    0x0001aac8        0x4 c:/gcc-arm-none-eabi-10.3-2021.10/bin/../lib/gcc/arm-none-eabi/10.3.1/../../../../arm-none-eabi/lib/thumb/v7e-m/nofp\libnosys.a(_exit.o)
                0x0001aac8                _exit
 *(.rodata .rodata.* .constdata .constdata.*)
 .rodata        0x0001aacc       0x31 ../main.o
 *fill*         0x0001aafd        0x3 
 .rodata.K60_SDHC0_init
                0x0001ab00        0xc Drivers/SDHC.o
                0x0001ab00                K60_SDHC0_init
 .rodata._ZL21ESDHC_COMMAND_XFERTYP
                0x0001ab0c      0x100 Drivers/SDHC.o
 .rodata._ZL9GPIOPorts
                0x0001ac0c       0x20 Libraries/FEHIO.o
 .rodata._ZL10ADCNumbers
                0x0001ac2c       0x21 Libraries/FEHIO.o
 *fill*         0x0001ac4d        0x3 
 .rodata._ZL14GPIOPinNumbers
                0x0001ac50       0x80 Libraries/FEHIO.o
 .rodata._ZL16AnalogPinNumbers
                0x0001acd0       0x84 Libraries/FEHIO.o
 .rodata        0x0001ad54       0x78 Libraries/FEHIO.o
 .rodata        0x0001adcc       0x32 Libraries/FEHLCD.o
 *fill*         0x0001adfe        0x2 
 .rodata        0x0001ae00      0x33c Libraries/FEHRPS.o
 .rodata._global_impure_ptr
                0x0001b13c        0x4 c:/gcc-arm-none-eabi-10.3-2021.10/bin/../lib/gcc/arm-none-eabi/10.3.1/../../../../arm-none-eabi/lib/thumb/v7e-m/nofp\libg.a(lib_a-impure.o)
                0x0001b13c                _global_impure_ptr
 .rodata._svfprintf_r.str1.4
                0x0001b140       0x42 c:/gcc-arm-none-eabi-10.3-2021.10/bin/../lib/gcc/arm-none-eabi/10.3.1/../../../../arm-none-eabi/lib/thumb/v7e-m/nofp\libg.a(lib_a-svfprintf.o)
 *fill*         0x0001b182        0x2 
 .rodata.blanks.1
                0x0001b184       0x10 c:/gcc-arm-none-eabi-10.3-2021.10/bin/../lib/gcc/arm-none-eabi/10.3.1/../../../../arm-none-eabi/lib/thumb/v7e-m/nofp\libg.a(lib_a-svfprintf.o)
 .rodata.zeroes.0
                0x0001b194       0x10 c:/gcc-arm-none-eabi-10.3-2021.10/bin/../lib/gcc/arm-none-eabi/10.3.1/../../../../arm-none-eabi/lib/thumb/v7e-m/nofp\libg.a(lib_a-svfprintf.o)
 .rodata._dtoa_r.str1.4
                0x0001b1a4       0xa2 c:/gcc-arm-none-eabi-10.3-2021.10/bin/../lib/gcc/arm-none-eabi/10.3.1/../../../../arm-none-eabi/lib/thumb/v7e-m/nofp\libg.a(lib_a-dtoa.o)
                                 0xa6 (size before relaxing)
 *fill*         0x0001b246        0x2 
 .rodata.__multadd.str1.4
                0x0001b248       0x7f c:/gcc-arm-none-eabi-10.3-2021.10/bin/../lib/gcc/arm-none-eabi/10.3.1/../../../../arm-none-eabi/lib/thumb/v7e-m/nofp\libg.a(lib_a-mprec.o)
                                 0x93 (size before relaxing)
 *fill*         0x0001b2c7        0x1 
 .rodata.__mprec_bigtens
                0x0001b2c8       0x28 c:/gcc-arm-none-eabi-10.3-2021.10/bin/../lib/gcc/arm-none-eabi/10.3.1/../../../../arm-none-eabi/lib/thumb/v7e-m/nofp\libg.a(lib_a-mprec.o)
                0x0001b2c8                __mprec_bigtens
 .rodata.__mprec_tens
                0x0001b2f0       0xc8 c:/gcc-arm-none-eabi-10.3-2021.10/bin/../lib/gcc/arm-none-eabi/10.3.1/../../../../arm-none-eabi/lib/thumb/v7e-m/nofp\libg.a(lib_a-mprec.o)
                0x0001b2f0                __mprec_tens
 .rodata.p05.0  0x0001b3b8        0xc c:/gcc-arm-none-eabi-10.3-2021.10/bin/../lib/gcc/arm-none-eabi/10.3.1/../../../../arm-none-eabi/lib/thumb/v7e-m/nofp\libg.a(lib_a-mprec.o)
 .rodata.__assert_func.str1.4
                0x0001b3c4       0x3f c:/gcc-arm-none-eabi-10.3-2021.10/bin/../lib/gcc/arm-none-eabi/10.3.1/../../../../arm-none-eabi/lib/thumb/v7e-m/nofp\libg.a(lib_a-assert.o)
                                 0x43 (size before relaxing)
 *fill*         0x0001b403        0x1 
 .rodata._ctype_
                0x0001b404      0x101 c:/gcc-arm-none-eabi-10.3-2021.10/bin/../lib/gcc/arm-none-eabi/10.3.1/../../../../arm-none-eabi/lib/thumb/v7e-m/nofp\libg.a(lib_a-ctype_.o)
                0x0001b404                _ctype_
 *fill*         0x0001b505        0x3 
 .rodata._setlocale_r.str1.4
                0x0001b508        0xa c:/gcc-arm-none-eabi-10.3-2021.10/bin/../lib/gcc/arm-none-eabi/10.3.1/../../../../arm-none-eabi/lib/thumb/v7e-m/nofp\libg.a(lib_a-locale.o)
                                  0xd (size before relaxing)
 *fill*         0x0001b512        0x2 
 .rodata.str1.4
                0x0001b514        0x2 c:/gcc-arm-none-eabi-10.3-2021.10/bin/../lib/gcc/arm-none-eabi/10.3.1/../../../../arm-none-eabi/lib/thumb/v7e-m/nofp\libg.a(lib_a-locale.o)
 .rodata._vfiprintf_r.str1.4
                0x0001b516       0x2f c:/gcc-arm-none-eabi-10.3-2021.10/bin/../lib/gcc/arm-none-eabi/10.3.1/../../../../arm-none-eabi/lib/thumb/v7e-m/nofp\libg.a(lib_a-vfiprintf.o)
 *fill*         0x0001b516        0x2 
 .rodata.blanks.1
                0x0001b518       0x10 c:/gcc-arm-none-eabi-10.3-2021.10/bin/../lib/gcc/arm-none-eabi/10.3.1/../../../../arm-none-eabi/lib/thumb/v7e-m/nofp\libg.a(lib_a-vfiprintf.o)
 .rodata.zeroes.0
                0x0001b528       0x10 c:/gcc-arm-none-eabi-10.3-2021.10/bin/../lib/gcc/arm-none-eabi/10.3.1/../../../../arm-none-eabi/lib/thumb/v7e-m/nofp\libg.a(lib_a-vfiprintf.o)
                0x0001b538                . = ALIGN (0x4)
                0x0001b538                . = ALIGN (0x4)
 *(.init)
 .init          0x0001b538        0x4 c:/gcc-arm-none-eabi-10.3-2021.10/bin/../lib/gcc/arm-none-eabi/10.3.1/thumb/v7e-m/nofp/crti.o
                0x0001b538                _init
 .init          0x0001b53c        0x8 c:/gcc-arm-none-eabi-10.3-2021.10/bin/../lib/gcc/arm-none-eabi/10.3.1/thumb/v7e-m/nofp/crtn.o
                0x0001b544                . = ALIGN (0x4)
                0x0001b544                __preinit_array_start = .
 *(.preinit_array)
                0x0001b544                __preinit_array_end = .
                0x0001b544                . = ALIGN (0x4)
                0x0001b544                __init_array_start = .
 *(SORT_BY_NAME(.init_array.*))
 .init_array.00000
                0x0001b544        0x4 c:/gcc-arm-none-eabi-10.3-2021.10/bin/../lib/gcc/arm-none-eabi/10.3.1/../../../../arm-none-eabi/lib/thumb/v7e-m/nofp\libg.a(lib_a-__call_atexit.o)
 *(.init_array)
 .init_array    0x0001b548        0x4 c:/gcc-arm-none-eabi-10.3-2021.10/bin/../lib/gcc/arm-none-eabi/10.3.1/thumb/v7e-m/nofp/crtbegin.o
 .init_array    0x0001b54c        0x4 ../main.o
 .init_array    0x0001b550        0x4 FEHProteus.o
 .init_array    0x0001b554        0x4 Libraries/FEHBuzzer.o
 .init_array    0x0001b558        0x4 Libraries/FEHLCD.o
 .init_array    0x0001b55c        0x4 Libraries/FEHAccel.o
 .init_array    0x0001b560        0x4 Libraries/FEHBattery.o
 .init_array    0x0001b564        0x4 Libraries/FEHRPS.o
 .init_array    0x0001b568        0x4 Libraries/FEHSD.o
 .init_array    0x0001b56c        0x4 c:/gcc-arm-none-eabi-10.3-2021.10/bin/../lib/gcc/arm-none-eabi/10.3.1/../../../../arm-none-eabi/lib/thumb/v7e-m/nofp\libstdc++.a(eh_alloc.o)
                0x0001b570                __init_array_end = .
 *(.fini)
 .fini          0x0001b570        0x4 c:/gcc-arm-none-eabi-10.3-2021.10/bin/../lib/gcc/arm-none-eabi/10.3.1/thumb/v7e-m/nofp/crti.o
                0x0001b570                _fini
 .fini          0x0001b574        0x8 c:/gcc-arm-none-eabi-10.3-2021.10/bin/../lib/gcc/arm-none-eabi/10.3.1/thumb/v7e-m/nofp/crtn.o
                0x0001b57c                . = ALIGN (0x4)
 *crtbegin.o(.ctors)
 *(EXCLUDE_FILE(*crtend.o) .ctors)
 *(SORT_BY_NAME(.ctors.*))
 *crtend.o(.ctors)
                0x0001b57c                . = ALIGN (0x4)
 *crtbegin.o(.dtors)
 *(EXCLUDE_FILE(*crtend.o) .dtors)
 *(SORT_BY_NAME(.dtors.*))
 *crtend.o(.dtors)
                0x0001b57c                . = ALIGN (0x4)

.ARM.extab
 *(.ARM.extab* .gnu.linkonce.armextab.*)
                0x0001b57c                __exidx_start = .

.ARM.exidx      0x0001b57c        0x8
 *(.ARM.exidx* .gnu.linkonce.armexidx.*)
 .ARM.exidx.text.startup._GLOBAL__sub_I__ZN9__gnu_cxx9__freeresEv
                0x0001b57c        0x8 c:/gcc-arm-none-eabi-10.3-2021.10/bin/../lib/gcc/arm-none-eabi/10.3.1/../../../../arm-none-eabi/lib/thumb/v7e-m/nofp\libstdc++.a(eh_alloc.o)
 .ARM.exidx     0x0001b584        0x0 c:/gcc-arm-none-eabi-10.3-2021.10/bin/../lib/gcc/arm-none-eabi/10.3.1/thumb/v7e-m/nofp\libgcc.a(_udivmoddi4.o)
                                  0x8 (size before relaxing)
                0x0001b584                __exidx_end = .
                0x0001b584                _etext = .

.rel.dyn        0x0001b584        0x0
 .rel.iplt      0x0001b584        0x0 c:/gcc-arm-none-eabi-10.3-2021.10/bin/../lib/gcc/arm-none-eabi/10.3.1/thumb/v7e-m/nofp/crtbegin.o

.m_usb_data
 *(m_usb_bdt)

.data_RAM2      0x1fff0000        0x0 load address 0x0001b584
 FILL mask 0xff
                [!provide]                PROVIDE (__start_data_RAM2 = .)
 *(.ramfunc.$RAM2)
 *(.ramfunc.$SRAM_LOWER)
 *(.EXTRA_RAM)
 *(.data.$RAM2)
 *(.data.$SRAM_LOWER)
 *(.data.$RAM2.*)
 *(.data.$SRAM_LOWER.*)
                0x1fff0000                . = ALIGN (0x4)
                [!provide]                PROVIDE (__end_data_RAM2 = .)

.uninit_RESERVED
                0x20000000        0x0
                0x20000000                . = ALIGN (0x4)
 *(.bss.$RESERVED*)
                0x20000000                . = ALIGN (0x4)
                0x20000000                _end_uninit_RESERVED = .

.data           0x20000000     0x16c8 load address 0x0001b584
 FILL mask 0xff
                0x20000000                _data = .
 *(vtable)
 *(.ramfunc*)
 *(CodeQuickAccess)
 *(DataQuickAccess)
 *(RamFunction)
 *(.data*)
 .data._ZL4Stat
                0x20000000        0x1 Drivers/SDHC.o
 *fill*         0x20000001        0x3 ff
 .data.image    0x20000004      0x74e Libraries/FEHLCD.o
                0x20000004                image
 *fill*         0x20000752        0x2 ff
 .data.logo     0x20000754      0x3e6 Libraries/FEHLCD.o
                0x20000754                logo
 *fill*         0x20000b3a        0x2 ff
 .data._ZN6FEHLCD8fontDataE
                0x20000b3c      0x1e0 Libraries/FEHLCD.o
                0x20000b3c                FEHLCD::fontData
 .data._impure_ptr
                0x20000d1c        0x4 c:/gcc-arm-none-eabi-10.3-2021.10/bin/../lib/gcc/arm-none-eabi/10.3.1/../../../../arm-none-eabi/lib/thumb/v7e-m/nofp\libg.a(lib_a-impure.o)
                0x20000d1c                _impure_ptr
 .data.impure_data
                0x20000d20      0x428 c:/gcc-arm-none-eabi-10.3-2021.10/bin/../lib/gcc/arm-none-eabi/10.3.1/../../../../arm-none-eabi/lib/thumb/v7e-m/nofp\libg.a(lib_a-impure.o)
 .data.__malloc_av_
                0x20001148      0x408 c:/gcc-arm-none-eabi-10.3-2021.10/bin/../lib/gcc/arm-none-eabi/10.3.1/../../../../arm-none-eabi/lib/thumb/v7e-m/nofp\libg.a(lib_a-mallocr.o)
                0x20001148                __malloc_av_
 .data.__malloc_sbrk_base
                0x20001550        0x4 c:/gcc-arm-none-eabi-10.3-2021.10/bin/../lib/gcc/arm-none-eabi/10.3.1/../../../../arm-none-eabi/lib/thumb/v7e-m/nofp\libg.a(lib_a-mallocr.o)
                0x20001550                __malloc_sbrk_base
 .data.__malloc_trim_threshold
                0x20001554        0x4 c:/gcc-arm-none-eabi-10.3-2021.10/bin/../lib/gcc/arm-none-eabi/10.3.1/../../../../arm-none-eabi/lib/thumb/v7e-m/nofp\libg.a(lib_a-mallocr.o)
                0x20001554                __malloc_trim_threshold
 .data.__atexit_recursive_mutex
                0x20001558        0x4 c:/gcc-arm-none-eabi-10.3-2021.10/bin/../lib/gcc/arm-none-eabi/10.3.1/../../../../arm-none-eabi/lib/thumb/v7e-m/nofp\libg.a(lib_a-__call_atexit.o)
                0x20001558                __atexit_recursive_mutex
 .data.__global_locale
                0x2000155c      0x16c c:/gcc-arm-none-eabi-10.3-2021.10/bin/../lib/gcc/arm-none-eabi/10.3.1/../../../../arm-none-eabi/lib/thumb/v7e-m/nofp\libg.a(lib_a-locale.o)
                0x2000155c                __global_locale
                0x200016c8                . = ALIGN (0x4)
                0x200016c8                _edata = .

.igot.plt       0x200016c8        0x0 load address 0x0001cc4c
 .igot.plt      0x200016c8        0x0 c:/gcc-arm-none-eabi-10.3-2021.10/bin/../lib/gcc/arm-none-eabi/10.3.1/thumb/v7e-m/nofp/crtbegin.o

.bss_RAM2       0x1fff0000        0x0
                0x1fff0000                . = ALIGN (0x4)
                [!provide]                PROVIDE (__start_bss_RAM2 = .)
 *(.bss.$RAM2)
 *(.bss.$SRAM_LOWER)
 *(.bss.$RAM2.*)
 *(.bss.$SRAM_LOWER.*)
                0x1fff0000                . = ALIGN ((. != 0x0)?0x4:0x1)
                [!provide]                PROVIDE (__end_bss_RAM2 = .)

.bss            0x200016c8      0x484
                0x200016c8                . = ALIGN (0x4)
                0x200016c8                _bss = .
 *(.bss*)
 .bss           0x200016c8       0x1c c:/gcc-arm-none-eabi-10.3-2021.10/bin/../lib/gcc/arm-none-eabi/10.3.1/thumb/v7e-m/nofp/crtbegin.o
 .bss.right_encoder
                0x200016e4        0x1 ../main.o
                0x200016e4                right_encoder
 *fill*         0x200016e5        0x3 
 .bss.left_encoder
                0x200016e8        0x1 ../main.o
                0x200016e8                left_encoder
 *fill*         0x200016e9        0x3 
 .bss.cds       0x200016ec        0x1 ../main.o
                0x200016ec                cds
 *fill*         0x200016ed        0x3 
 .bss.right_motor
                0x200016f0        0x8 ../main.o
                0x200016f0                right_motor
 .bss.left_motor
                0x200016f8        0x8 ../main.o
                0x200016f8                left_motor
 .bss.servo     0x20001700        0xc ../main.o
                0x20001700                servo
 .bss.servoMotor